ARM Linker, RVCT2.2 [Build 442] for uVision [Full]

================================================================================

Section Cross References

    startup.o(STACK) refers (Special) to stkheap2.o(.text) for __use_two_region_memory
    startup.o(HEAP) refers (Special) to stkheap2.o(.text) for __use_two_region_memory
    startup.o(RESET) refers to startup.o(STACK) for Stack_Top
    startup.o(RESET) refers to __main.o(!!!main) for __main
    startup.o(RESET) refers (Special) to stkheap2.o(.text) for __use_two_region_memory
    startup.o(.text) refers to startup.o(HEAP) for Heap_Mem
    startup.o(.text) refers to startup.o(STACK) for Stack_Mem
    startup.o(.text) refers (Special) to stkheap2.o(.text) for __use_two_region_memory
    usbhw.o(.text) refers to uwrite4.o(.text) for __aeabi_uwrite4
    usbhw.o(.text) refers to uread4.o(.text) for __aeabi_uread4
    usbhw.o(.text) refers to usbhw.o(.text) for USB_ISR
    usbhw.o(.text) refers to usbcore.o(.data) for USB_DeviceStatus
    usbhw.o(.text) refers to usbhw.o(.text) for WrCmd
    usbhw.o(.text) refers to usbuser.o(.text) for USB_Reset_Event
    usbhw.o(.text) refers to usbuser.o(.constdata) for USB_P_EP
    usbcore.o(.text) refers to usbhw.o(.text) for USB_ReadEP
    usbcore.o(.text) refers to switch8.o(.text) for __ARM_switch8
    usbcore.o(.text) refers to usbcore.o(i.USB_GetStatus) for USB_GetStatus
    usbcore.o(.text) refers to usbcore.o(i.USB_SetClrFeature) for USB_SetClrFeature
    usbcore.o(.text) refers to usbcore.o(i.USB_GetDescriptor) for USB_GetDescriptor
    usbcore.o(.text) refers to usbcore.o(i.USB_SetConfiguration) for USB_SetConfiguration
    usbcore.o(.text) refers to usbuser.o(.text) for USB_Configure_Event
    usbcore.o(.text) refers to usbcore.o(i.USB_SetInterface) for USB_SetInterface
    usbcore.o(.text) refers to mscuser.o(.text) for MSC_Reset
    usbcore.o(.text) refers to usbcore.o(.data) for USB_DeviceStatus
    usbcore.o(.text) refers to usbcore.o(.bss) for EP0Buf
    usbuser.o(.text) refers to usbcore.o(.text) for USB_ResetCore
    usbuser.o(.text) refers to mscuser.o(.text) for MSC_BulkOut
    usbuser.o(.text) refers to usbcore.o(.data) for USB_Configuration
    usbuser.o(.constdata) refers to usbcore.o(.text) for USB_EndPoint0
    usbuser.o(.constdata) refers to usbuser.o(.text) for USB_EndPoint2
    mscuser.o(.text) refers to usbhw.o(.text) for USB_WriteEP
    mscuser.o(.text) refers to uread4.o(.text) for __aeabi_uread4
    mscuser.o(.text) refers to uwrite4.o(.text) for __aeabi_uwrite4
    mscuser.o(.text) refers to mscuser.o(.data) for BulkStage
    mscuser.o(.text) refers to usbcore.o(.bss) for EP0Buf
    mscuser.o(.text) refers to mscuser.o(.bss) for Memory
    memory.o(.text) refers to usbhw.o(.text) for USB_Init
    memory.o(.text) refers to diskimg.o(.constdata) for DiskImage
    memory.o(.text) refers to mscuser.o(.bss) for Memory
    stkheap2.o(.text) refers to libspace.o(.text) for __user_perproc_libspace
    stkheap2.o(.text) refers to startup.o(.text) for __user_initial_stackheap
    __main.o(!!!main) refers to kernel.o(.text) for __rt_entry
    libspace.o(.text) refers to libspace.o(.bss) for __libspace_start
    kernel.o(.text) refers to boardinit1.o(.text) for _platform_pre_stackheap_init
    kernel.o(.text) refers to stkheap2.o(.text) for __rt_stackheap_init
    kernel.o(.text) refers to boardinit2.o(.text) for _platform_post_stackheap_init
    kernel.o(.text) refers to lib_init.o(.text) for __rt_lib_init
    kernel.o(.text) refers to boardinit3.o(.text) for _platform_post_lib_init
    kernel.o(.text) refers to exit.o(.text) for exit
    kernel.o(.text) refers to memory.o(.text) for main
    kernel.o(.text) refers to boardshut.o(.text) for _platform_pre_lib_shutdown
    kernel.o(.text) refers to sys_exit.o(.text) for _sys_exit
    sys_exit.o(.text) refers to use_semi.o(.text) for __I_use_semihosting_swi
    exit.o(.text) refers to kernel.o(.text) for __rt_exit
    lib_init.o(.emb_text) refers to memory.o(i.__ARM_get_argv) for __ARM_get_argv
    lib_init.o(.text) refers to fpinit.o(x$fpl$fpinit) for _fp_init
    lib_init.o(.text) refers to lib_init.o(.emb_text) for __ARM_argv_veneer
    lib_init.o(.text) refers to libspace.o(.text) for __user_perproc_libspace
    boardinit3.o(.text) refers to cpuinit.o(.text) for _cpu_pre_main
    fpinit.o(x$fpl$fpinit) refers to rt_fp_status_addr.o(.text) for __rt_fp_status_addr
    rt_fp_status_addr.o(.text) refers to libspace.o(.text) for __user_perthread_libspace
    usbcore.o(i.USB_SetClrFeature) refers to usbhw.o(.text) for USB_WakeUpCfg
    usbcore.o(i.USB_SetClrFeature) refers to usbcore.o(.data) for SetupPacket
    usbcore.o(i.USB_GetStatus) refers to usbcore.o(.text) for USB_DataInStage
    usbcore.o(i.USB_GetStatus) refers to usbcore.o(.data) for SetupPacket
    usbcore.o(i.USB_GetStatus) refers to usbcore.o(.bss) for EP0Buf
    usbcore.o(i.USB_SetConfiguration) refers to usbhw.o(.text) for USB_DisableEP
    usbcore.o(i.USB_SetConfiguration) refers to usbcore.o(.data) for SetupPacket
    usbcore.o(i.USB_SetConfiguration) refers to usbdesc.o(.constdata) for USB_ConfigDescriptor
    usbcore.o(i.USB_SetInterface) refers to usbhw.o(.text) for USB_ConfigEP
    usbcore.o(i.USB_SetInterface) refers to usbcore.o(.data) for USB_Configuration
    usbcore.o(i.USB_SetInterface) refers to usbdesc.o(.constdata) for USB_ConfigDescriptor
    usbcore.o(i.USB_GetDescriptor) refers to usbcore.o(.text) for USB_DataInStage
    usbcore.o(i.USB_GetDescriptor) refers to usbcore.o(.data) for SetupPacket
    usbcore.o(i.USB_GetDescriptor) refers to usbdesc.o(.constdata) for USB_DeviceDescriptor


================================================================================

Adding Veneers to the image

    Adding TA veneer (4 bytes, Inline) for call to '__aeabi_uwrite4' from usbhw.o(.text).
    Adding TA veneer (4 bytes, Inline) for call to '__aeabi_uread4' from usbhw.o(.text).
    Adding AT veneer (8 bytes, Inline) for call to 'WrCmd' from usbhw.o(.text).
    Adding AT veneer (12 bytes, Long) for call to 'RdCmdDat' from usbhw.o(.text).
    Adding AT veneer (12 bytes, Long) for call to 'USB_Reset' from usbhw.o(.text).
    Adding AT veneer (8 bytes, Inline) for call to 'USB_Reset_Event' from usbhw.o(.text).
    Adding AT veneer (12 bytes, Long) for call to 'USB_Suspend' from usbhw.o(.text).
    Adding AT veneer (12 bytes, Long) for call to 'USB_Suspend_Event' from usbhw.o(.text).
    Adding AT veneer (12 bytes, Long) for call to 'USB_Resume' from usbhw.o(.text).
    Adding AT veneer (12 bytes, Long) for call to 'USB_Resume_Event' from usbhw.o(.text).
    Adding TA veneer (4 bytes, Inline) for call to '__ARM_switch8' from usbcore.o(.text).
    Adding AT veneer (8 bytes, Inline) for call to '__rt_lib_init' from kernel.o(.text).
    Adding AT veneer (12 bytes, Long) for call to '__rt_lib_shutdown' from kernel.o(.text).
    Adding TA veneer (8 bytes, Short) for call to '__rt_exit' from exit.o(.text).
    Adding TA veneer (4 bytes, Inline) for call to '_fp_init' from lib_init.o(.text).
    Adding TA veneer (4 bytes, Inline) for call to '__ARM_argv_veneer' from lib_init.o(.text).
    Adding TA veneer (4 bytes, Inline) for call to '__user_perproc_libspace' from lib_init.o(.text).

17 Veneer(s) (total 140 bytes) added to the image.

================================================================================

Image Symbol Table

    Local Symbols

    Symbol Name                              Value     Ov Type        Size  Object(Section)

    ../../angel/boardlib.s                   0x00000000   Number         0  cpuinit.o ABSOLUTE
    ../../angel/boardlib.s                   0x00000000   Number         0  boardinit2.o ABSOLUTE
    ../../angel/boardlib.s                   0x00000000   Number         0  boardshut.o ABSOLUTE
    ../../angel/boardlib.s                   0x00000000   Number         0  boardinit3.o ABSOLUTE
    ../../angel/boardlib.s                   0x00000000   Number         0  boardinit1.o ABSOLUTE
    ../../angel/handlers.s                   0x00000000   Number         0  __scatter_copy.o ABSOLUTE
    ../../angel/handlers.s                   0x00000000   Number         0  __scatter_zi.o ABSOLUTE
    ../../angel/kernel.s                     0x00000000   Number         0  kernel.o ABSOLUTE
    ../../angel/rt.s                         0x00000000   Number         0  rt_fp_status_addr.o ABSOLUTE
    ../../angel/scatter.s                    0x00000000   Number         0  __scatter.o ABSOLUTE
    ../../angel/startup.s                    0x00000000   Number         0  __main.o ABSOLUTE
    ../../angel/sys.s                        0x00000000   Number         0  sys_exit.o ABSOLUTE
    ../../angel/sys.s                        0x00000000   Number         0  libspace.o ABSOLUTE
    ../../angel/sys.s                        0x00000000   Number         0  use_semi.o ABSOLUTE
    ../../armsys.c                           0x00000000   Number         0  lib_init.o ABSOLUTE
    ../../armsys.c                           0x00000000   Number         0  lib_init.o ABSOLUTE
    ../../fpinit.s                           0x00000000   Number         0  fpinit.o ABSOLUTE
    ../../stdlib.c                           0x00000000   Number         0  exit.o ABSOLUTE
    ../../stkheap2.s                         0x00000000   Number         0  stkheap2.o ABSOLUTE
    ../../unhosted.s                         0x00000000   Number         0  switch8.o ABSOLUTE
    ../../unhosted.s                         0x00000000   Number         0  uwrite4.o ABSOLUTE
    ../../unhosted.s                         0x00000000   Number         0  uread4.o ABSOLUTE
    ABT_Stack_Size                           0x00000000   Number         0  startup.o ABSOLUTE
    DiskImg.c                                0x00000000   Number         0  diskimg.o ABSOLUTE
    FIQ_Stack_Size                           0x00000000   Number         0  startup.o ABSOLUTE
    Heap_Size                                0x00000000   Number         0  startup.o ABSOLUTE
    MAMCR_OFS                                0x00000000   Number         0  startup.o ABSOLUTE
    PLLCON_OFS                               0x00000000   Number         0  startup.o ABSOLUTE
    Startup.s                                0x00000000   Number         0  startup.o ABSOLUTE
    UND_Stack_Size                           0x00000000   Number         0  startup.o ABSOLUTE
    Vectors                                  0x00000000   ARM Code       4  startup.o(RESET)
    dc.s                                     0x00000000   Number         0  dc.o ABSOLUTE
    memory.c                                 0x00000000   Number         0  memory.o ABSOLUTE
    mscuser.c                                0x00000000   Number         0  mscuser.o ABSOLUTE
    usbcore.c                                0x00000000   Number         0  usbcore.o ABSOLUTE
    usbdesc.c                                0x00000000   Number         0  usbdesc.o ABSOLUTE
    usbhw.c                                  0x00000000   Number         0  usbhw.o ABSOLUTE
    usbuser.c                                0x00000000   Number         0  usbuser.o ABSOLUTE
    RESET                                    0x00000000   Section      288  startup.o(RESET)
    MAM_SETUP                                0x00000001   Number         0  startup.o ABSOLUTE
    PLLCON_PLLE                              0x00000001   Number         0  startup.o ABSOLUTE
    PLL_SETUP                                0x00000001   Number         0  startup.o ABSOLUTE
    VPBDIV_SETUP                             0x00000001   Number         0  startup.o ABSOLUTE
    VPBDIV_Val                               0x00000001   Number         0  startup.o ABSOLUTE
    MAMCR_Val                                0x00000002   Number         0  startup.o ABSOLUTE
    PLLCON_PLLC                              0x00000002   Number         0  startup.o ABSOLUTE
    MAMTIM_OFS                               0x00000004   Number         0  startup.o ABSOLUTE
    MAMTIM_Val                               0x00000004   Number         0  startup.o ABSOLUTE
    PLLCFG_OFS                               0x00000004   Number         0  startup.o ABSOLUTE
    PLLSTAT_OFS                              0x00000008   Number         0  startup.o ABSOLUTE
    SVC_Stack_Size                           0x00000008   Number         0  startup.o ABSOLUTE
    PLLFEED_OFS                              0x0000000c   Number         0  startup.o ABSOLUTE
    Mode_USR                                 0x00000010   Number         0  startup.o ABSOLUTE
    Mode_FIQ                                 0x00000011   Number         0  startup.o ABSOLUTE
    Mode_IRQ                                 0x00000012   Number         0  startup.o ABSOLUTE
    Mode_SVC                                 0x00000013   Number         0  startup.o ABSOLUTE
    Mode_ABT                                 0x00000017   Number         0  startup.o ABSOLUTE
    Mode_UND                                 0x0000001b   Number         0  startup.o ABSOLUTE
    Mode_SYS                                 0x0000001f   Number         0  startup.o ABSOLUTE
    PLLCFG_MSEL                              0x0000001f   Number         0  startup.o ABSOLUTE
    Reset_Addr                               0x00000020   Data           4  startup.o(RESET)
    PLLCFG_Val                               0x00000024   Number         0  startup.o ABSOLUTE
    Undef_Addr                               0x00000024   Data           4  startup.o(RESET)
    SWI_Addr                                 0x00000028   Data           4  startup.o(RESET)
    PAbt_Addr                                0x0000002c   Data           4  startup.o(RESET)
    DAbt_Addr                                0x00000030   Data           4  startup.o(RESET)
    IRQ_Addr                                 0x00000038   Data           4  startup.o(RESET)
    FIQ_Addr                                 0x0000003c   Data           4  startup.o(RESET)
    F_Bit                                    0x00000040   Number         0  startup.o ABSOLUTE
    Undef_Handler                            0x00000040   ARM Code       4  startup.o(RESET)
    SWI_Handler                              0x00000044   ARM Code       4  startup.o(RESET)
    PAbt_Handler                             0x00000048   ARM Code       4  startup.o(RESET)
    DAbt_Handler                             0x0000004c   ARM Code       4  startup.o(RESET)
    IRQ_Handler                              0x00000050   ARM Code       4  startup.o(RESET)
    FIQ_Handler                              0x00000054   ARM Code       4  startup.o(RESET)
    PLLCFG_PSEL                              0x00000060   Number         0  startup.o ABSOLUTE
    I_Bit                                    0x00000080   Number         0  startup.o ABSOLUTE
    PLL_Loop                                 0x00000088   ARM Code       4  startup.o(RESET)
    IRQ_Stack_Size                           0x00000100   Number         0  startup.o ABSOLUTE
    !!!main                                  0x00000120   Section        8  __main.o(!!!main)
    !!!scatter                               0x00000128   Section       56  __scatter.o(!!!scatter)
    _region_table                            0x00000158   Data           0  __scatter.o(!!!scatter)
    _move_loop                               0x00000160   ARM Code       0  __scatter_copy.o(!!handler_copy)
    !!handler_copy                           0x00000160   Section       40  __scatter_copy.o(!!handler_copy)
    !!handler_zi                             0x00000188   Section       44  __scatter_zi.o(!!handler_zi)
    _zero_loop                               0x00000198   ARM Code       0  __scatter_zi.o(!!handler_zi)
    .emb_text                                0x000001b8   Section       16  lib_init.o(.emb_text)
    argv                                     0x000001c4   Data           0  lib_init.o(.emb_text)
    .text                                    0x000001c8   Section       32  startup.o(.text)
    .text                                    0x000001f0   Section     1032  usbhw.o(.text)
    PLLSTAT_PLOCK                            0x00000400   Number         0  startup.o ABSOLUTE
    USR_Stack_Size                           0x00000400   Number         0  startup.o ABSOLUTE
    Stack_Size                               0x00000508   Number         0  startup.o ABSOLUTE
    .text                                    0x000005f8   Section      428  usbhw.o(.text)
    .text                                    0x000007a4   Section      840  usbcore.o(.text)
    .text                                    0x00000af4   Section      136  usbuser.o(.text)
    .text                                    0x00000b7c   Section     2020  mscuser.o(.text)
    .text                                    0x00001360   Section       60  memory.o(.text)
    .text                                    0x000013a0   Section       32  uread4.o(.text)
    .text                                    0x000013c4   Section       32  uwrite4.o(.text)
    .text                                    0x000013e4   Section      168  stkheap2.o(.text)
    .text                                    0x00001490   Section       24  switch8.o(.text)
    .text                                    0x000014ac   Section       12  libspace.o(.text)
    .text                                    0x000014b8   Section      104  kernel.o(.text)
    mainaddruse                              0x000014e0   ARM Code       4  kernel.o(.text)
    thumbmainreturn                          0x000014fd   Thumb Code     0  kernel.o(.text)
    mainaddr                                 0x00001500   Data           4  kernel.o(.text)
    __rt_abort1                              0x0000151c   ARM Code       0  kernel.o(.text)
    .text                                    0x00001520   Section       24  sys_exit.o(.text)
    .text                                    0x00001538   Section       20  exit.o(.text)
    .text                                    0x00001554   Section      206  lib_init.o(.text)
    .text                                    0x00001624   Section        4  boardinit1.o(.text)
    .text                                    0x00001628   Section       12  boardinit2.o(.text)
    .text                                    0x00001634   Section       16  boardinit3.o(.text)
    .text                                    0x00001644   Section        4  boardshut.o(.text)
    .text                                    0x00001648   Section        4  use_semi.o(.text)
    .text                                    0x0000164c   Section        4  cpuinit.o(.text)
    .text                                    0x00001650   Section       20  rt_fp_status_addr.o(.text)
    i.USB_GetDescriptor                      0x000016c0   Section      188  usbcore.o(i.USB_GetDescriptor)
    i.USB_GetStatus                          0x0000177c   Section      220  usbcore.o(i.USB_GetStatus)
    i.USB_SetClrFeature                      0x00001858   Section      232  usbcore.o(i.USB_SetClrFeature)
    i.USB_SetConfiguration                   0x00001940   Section      416  usbcore.o(i.USB_SetConfiguration)
    i.USB_SetInterface                       0x00001ae0   Section      320  usbcore.o(i.USB_SetInterface)
    i.__ARM_get_argv                         0x00001c20   Section        2  memory.o(i.__ARM_get_argv)
    x$fpl$fpinit                             0x00001c28   Section       24  fpinit.o(x$fpl$fpinit)
    .constdata$1                             0x00001c40   Data           0  diskimg.o(.constdata)
    .constdata                               0x00001c40   Section     4096  diskimg.o(.constdata)
    .constdata$1                             0x00002c40   Data           0  usbdesc.o(.constdata)
    .constdata                               0x00002c40   Section      163  usbdesc.o(.constdata)
    .constdata$1                             0x00002ce4   Data           0  usbuser.o(.constdata)
    .constdata                               0x00002ce4   Section       64  usbuser.o(.constdata)
    .data$0                                  0x40000000   Data           0  usbcore.o(.data)
    .data                                    0x40000000   Section       36  usbcore.o(.data)
    .data$0                                  0x40000024   Data           0  mscuser.o(.data)
    .data                                    0x40000024   Section       14  mscuser.o(.data)
    .bss$5                                   0x40000034   Data           0  usbcore.o(.bss)
    .bss                                     0x40000034   Section       64  usbcore.o(.bss)
    .bss$5                                   0x40000074   Data           0  mscuser.o(.bss)
    .bss                                     0x40000074   Section    16492  mscuser.o(.bss)
    __libspace_start                         0x400040e0   Data          96  libspace.o(.bss)
    .bss                                     0x400040e0   Section       96  libspace.o(.bss)
    Heap_Mem                                 0x40004140   Number         0  startup.o(HEAP)
    Stack_Mem                                0x40004140   Data        1288  startup.o(STACK)
    HEAP                                     0x40004140   Number         0  startup.o(HEAP)
    STACK                                    0x40004140   Section     1288  startup.o(STACK)
    Stack_Top                                0x40004648   Number         0  startup.o(STACK)
    MAM_BASE                                 0xe01fc000   Number         0  startup.o ABSOLUTE
    MEMMAP                                   0xe01fc040   Number         0  startup.o ABSOLUTE
    PLL_BASE                                 0xe01fc080   Number         0  startup.o ABSOLUTE
    VPBDIV                                   0xe01fc100   Number         0  startup.o ABSOLUTE

    Global Symbols

    Symbol Name                              Value     Ov Type        Size  Object(Section)

    BuildAttributes$$THUMB_ISAv1$ARM_ISAv4$M$PE$A:L22$X:L11$S22$IEEE1$IW$USESV6$~STKCKD$USESV7$~SHL$OSPACE$EBA8$REQ8$EABIv2 0x00000000   Number         0  anon$$obj.o ABSOLUTE
    __ARM_exceptions_init                     - Undefined Weak Reference
    __Heap_DescSize                           - Undefined Weak Reference
    __alloca_initialize                       - Undefined Weak Reference
    __cpp_initialize__aeabi_                  - Undefined Weak Reference
    __cxa_finalize                            - Undefined Weak Reference
    __user_heap_extend                        - Undefined Weak Reference
    __user_stack_slop                         - Undefined Weak Reference
    _atexit_init                              - Undefined Weak Reference
    _call_atexit_fns                          - Undefined Weak Reference
    _clock_init                               - Undefined Weak Reference
    _fp_trap_init                             - Undefined Weak Reference
    _get_lc_collate                           - Undefined Weak Reference
    _get_lc_ctype                             - Undefined Weak Reference
    _get_lc_monetary                          - Undefined Weak Reference
    _get_lc_numeric                           - Undefined Weak Reference
    _get_lc_time                              - Undefined Weak Reference
    _getenv_init                              - Undefined Weak Reference
    _init_alloc                               - Undefined Weak Reference
    _init_user_alloc                          - Undefined Weak Reference
    _initio                                   - Undefined Weak Reference
    _rand_init                                - Undefined Weak Reference
    _signal_init                              - Undefined Weak Reference
    _terminate_user_alloc                     - Undefined Weak Reference
    _terminateio                              - Undefined Weak Reference
    Reset_Handler                            0x00000058   ARM Code       0  startup.o(RESET)
    __main                                   0x00000120   ARM Code       8  __main.o(!!!main)
    __scatterload                            0x00000128   ARM Code       0  __scatter.o(!!!scatter)
    __scatterload_rt2                        0x00000128   ARM Code      48  __scatter.o(!!!scatter)
    __scatterload_null                       0x0000013c   ARM Code       0  __scatter.o(!!!scatter)
    __scatterload_copy                       0x00000160   ARM Code      40  __scatter_copy.o(!!handler_copy)
    __scatterload_zeroinit                   0x00000188   ARM Code      44  __scatter_zi.o(!!handler_zi)
    Inline Thumb to ARM Veneer to __ARM_argv_veneer 0x000001b5   Thumb Code     0  lib_init.o(.emb_text)
    __ARM_argv_veneer                        0x000001b8   ARM Code      16  lib_init.o(.emb_text)
    __user_initial_stackheap                 0x000001c8   ARM Code       0  startup.o(.text)
    Inline ARM to Thumb Veneer to WrCmd      0x000001e8   ARM Code       0  usbhw.o(.text)
    EPAdr                                    0x000001f1   Thumb Code    16  usbhw.o(.text)
    WrCmd                                    0x00000201   Thumb Code    24  usbhw.o(.text)
    WrCmdDat                                 0x00000219   Thumb Code    46  usbhw.o(.text)
    RdCmdDat                                 0x00000247   Thumb Code    30  usbhw.o(.text)
    USB_SetAddress                           0x00000265   Thumb Code    50  usbhw.o(.text)
    USB_Reset                                0x00000297   Thumb Code    52  usbhw.o(.text)
    USB_Resume                               0x000002cb   Thumb Code     2  usbhw.o(.text)
    USB_Suspend                              0x000002cd   Thumb Code     2  usbhw.o(.text)
    USB_Init                                 0x000002cf   Thumb Code   130  usbhw.o(.text)
    USB_Connect                              0x00000351   Thumb Code    36  usbhw.o(.text)
    USB_WakeUp                               0x00000375   Thumb Code    24  usbhw.o(.text)
    USB_WakeUpCfg                            0x0000038d   Thumb Code     2  usbhw.o(.text)
    USB_Configure                            0x0000038f   Thumb Code    64  usbhw.o(.text)
    USB_ConfigEP                             0x000003cf   Thumb Code    70  usbhw.o(.text)
    USB_DirCtrlEP                            0x00000415   Thumb Code     2  usbhw.o(.text)
    USB_EnableEP                             0x00000417   Thumb Code    32  usbhw.o(.text)
    USB_DisableEP                            0x00000437   Thumb Code    32  usbhw.o(.text)
    USB_ResetEP                              0x00000457   Thumb Code    32  usbhw.o(.text)
    USB_SetStallEP                           0x00000477   Thumb Code    32  usbhw.o(.text)
    USB_ClrStallEP                           0x00000497   Thumb Code    32  usbhw.o(.text)
    USB_ReadEP                               0x000004b7   Thumb Code   114  usbhw.o(.text)
    USB_WriteEP                              0x00000529   Thumb Code    90  usbhw.o(.text)
    USB_GetFrame                             0x00000583   Thumb Code   118  usbhw.o(.text)
    USB_ISR                                  0x000005f8   ARM Code     412  usbhw.o(.text)
    USB_ResetCore                            0x000007a5   Thumb Code    28  usbcore.o(.text)
    USB_SetupStage                           0x000007c1   Thumb Code    16  usbcore.o(.text)
    USB_DataInStage                          0x000007d1   Thumb Code    56  usbcore.o(.text)
    USB_DataOutStage                         0x00000809   Thumb Code    38  usbcore.o(.text)
    USB_StatusInStage                        0x0000082f   Thumb Code    18  usbcore.o(.text)
    USB_StatusOutStage                       0x00000841   Thumb Code    16  usbcore.o(.text)
    USB_EndPoint0                            0x00000851   Thumb Code   624  usbcore.o(.text)
    Inline ARM to Thumb Veneer to USB_Reset_Event 0x00000aec   ARM Code       0  usbuser.o(.text)
    USB_Reset_Event                          0x00000af5   Thumb Code    20  usbuser.o(.text)
    USB_Suspend_Event                        0x00000b09   Thumb Code    10  usbuser.o(.text)
    USB_Resume_Event                         0x00000b13   Thumb Code    10  usbuser.o(.text)
    USB_Configure_Event                      0x00000b1d   Thumb Code    28  usbuser.o(.text)
    USB_EndPoint1                            0x00000b39   Thumb Code     2  usbuser.o(.text)
    USB_EndPoint2                            0x00000b3b   Thumb Code    32  usbuser.o(.text)
    USB_EndPoint3                            0x00000b5b   Thumb Code     2  usbuser.o(.text)
    USB_EndPoint4                            0x00000b5d   Thumb Code     2  usbuser.o(.text)
    USB_EndPoint5                            0x00000b5f   Thumb Code     2  usbuser.o(.text)
    USB_EndPoint6                            0x00000b61   Thumb Code     2  usbuser.o(.text)
    USB_EndPoint7                            0x00000b63   Thumb Code     2  usbuser.o(.text)
    USB_EndPoint8                            0x00000b65   Thumb Code     2  usbuser.o(.text)
    USB_EndPoint9                            0x00000b67   Thumb Code     2  usbuser.o(.text)
    USB_EndPoint10                           0x00000b69   Thumb Code     2  usbuser.o(.text)
    USB_EndPoint11                           0x00000b6b   Thumb Code     2  usbuser.o(.text)
    USB_EndPoint12                           0x00000b6d   Thumb Code     2  usbuser.o(.text)
    USB_EndPoint13                           0x00000b6f   Thumb Code     2  usbuser.o(.text)
    USB_EndPoint14                           0x00000b71   Thumb Code     2  usbuser.o(.text)
    USB_EndPoint15                           0x00000b73   Thumb Code     2  usbuser.o(.text)
    MSC_Reset                                0x00000b7d   Thumb Code    18  mscuser.o(.text)
    MSC_GetMaxLUN                            0x00000b8f   Thumb Code    10  mscuser.o(.text)
    MSC_MemoryRead                           0x00000b99   Thumb Code   140  mscuser.o(.text)
    MSC_SetCSW                               0x00000c25   Thumb Code    36  mscuser.o(.text)
    MSC_MemoryWrite                          0x00000c49   Thumb Code   162  mscuser.o(.text)
    MSC_MemoryVerify                         0x00000ceb   Thumb Code   180  mscuser.o(.text)
    MSC_RWSetup                              0x00000d9f   Thumb Code   110  mscuser.o(.text)
    DataInFormat                             0x00000e0d   Thumb Code    72  mscuser.o(.text)
    DataInTransfer                           0x00000e55   Thumb Code    82  mscuser.o(.text)
    MSC_TestUnitReady                        0x00000ea7   Thumb Code    58  mscuser.o(.text)
    MSC_RequestSense                         0x00000ee1   Thumb Code   132  mscuser.o(.text)
    MSC_Inquiry                              0x00000f65   Thumb Code   164  mscuser.o(.text)
    MSC_ModeSense6                           0x00001009   Thumb Code    42  mscuser.o(.text)
    MSC_ModeSense10                          0x00001033   Thumb Code    52  mscuser.o(.text)
    MSC_ReadCapacity                         0x00001067   Thumb Code    56  mscuser.o(.text)
    MSC_ReadFormatCapacity                   0x0000109f   Thumb Code    70  mscuser.o(.text)
    MSC_GetCBW                               0x000010e5   Thumb Code   438  mscuser.o(.text)
    MSC_BulkIn                               0x0000129b   Thumb Code    74  mscuser.o(.text)
    MSC_BulkOut                              0x000012e5   Thumb Code   124  mscuser.o(.text)
    main                                     0x00001361   Thumb Code    46  memory.o(.text)
    Inline Thumb to ARM Veneer to __aeabi_uread4 0x0000139d   Thumb Code     0  uread4.o(.text)
    __aeabi_uread4                           0x000013a0   ARM Code       0  uread4.o(.text)
    __rt_uread4                              0x000013a0   ARM Code      32  uread4.o(.text)
    Inline Thumb to ARM Veneer to __aeabi_uwrite4 0x000013c1   Thumb Code     0  uwrite4.o(.text)
    __aeabi_uwrite4                          0x000013c4   ARM Code       0  uwrite4.o(.text)
    __rt_uwrite4                             0x000013c4   ARM Code      32  uwrite4.o(.text)
    __use_two_region_memory                  0x000013e4   ARM Code       4  stkheap2.o(.text)
    __rt_stackheap_init                      0x000013e8   ARM Code     140  stkheap2.o(.text)
    __rt_heap_extend                         0x00001474   ARM Code      24  stkheap2.o(.text)
    Inline Thumb to ARM Veneer to __ARM_switch8 0x0000148d   Thumb Code     0  switch8.o(.text)
    __ARM_switch8                            0x00001490   ARM Code      24  switch8.o(.text)
    __rt_switch8                             0x00001490   ARM Code       0  switch8.o(.text)
    Inline Thumb to ARM Veneer to __user_perproc_libspace 0x000014a9   Thumb Code     0  libspace.o(.text)
    __user_libspace                          0x000014ac   ARM Code       8  libspace.o(.text)
    __user_perproc_libspace                  0x000014ac   ARM Code       0  libspace.o(.text)
    __user_perthread_libspace                0x000014ac   ARM Code       0  libspace.o(.text)
    __rt_entry                               0x000014b8   ARM Code      76  kernel.o(.text)
    __rt_exit                                0x00001504   ARM Code      20  kernel.o(.text)
    __rt_abort                               0x00001518   ARM Code       8  kernel.o(.text)
    _sys_exit                                0x00001520   ARM Code      20  sys_exit.o(.text)
    exit                                     0x00001539   Thumb Code    20  exit.o(.text)
    Inline ARM to Thumb Veneer to __rt_lib_init 0x0000154c   ARM Code       0  lib_init.o(.text)
    __rt_lib_init                            0x00001555   Thumb Code   184  lib_init.o(.text)
    __rt_lib_shutdown                        0x0000160d   Thumb Code    22  lib_init.o(.text)
    _platform_pre_stackheap_init             0x00001624   ARM Code       4  boardinit1.o(.text)
    _platform_post_stackheap_init            0x00001628   ARM Code      12  boardinit2.o(.text)
    _platform_post_lib_init                  0x00001634   ARM Code      16  boardinit3.o(.text)
    _platform_pre_lib_shutdown               0x00001644   ARM Code       4  boardshut.o(.text)
    __I_use_semihosting_swi                  0x00001648   ARM Code       4  use_semi.o(.text)
    __semihosting_swi_guard                  0x00001648   ARM Code       0  use_semi.o(.text)
    _cpu_pre_main                            0x0000164c   ARM Code       4  cpuinit.o(.text)
    __rt_fp_status_addr                      0x00001650   ARM Code      20  rt_fp_status_addr.o(.text)
    Long ARM to Thumb Veneer to RdCmdDat     0x00001664   ARM Code       0  anon$$obj.o(Veneer$$Code)
    Long ARM to Thumb Veneer to USB_Reset    0x00001670   ARM Code       0  anon$$obj.o(Veneer$$Code)
    Long ARM to Thumb Veneer to USB_Suspend  0x0000167c   ARM Code       0  anon$$obj.o(Veneer$$Code)
    Long ARM to Thumb Veneer to USB_Suspend_Event 0x00001688   ARM Code       0  anon$$obj.o(Veneer$$Code)
    Long ARM to Thumb Veneer to USB_Resume   0x00001694   ARM Code       0  anon$$obj.o(Veneer$$Code)
    Long ARM to Thumb Veneer to USB_Resume_Event 0x000016a0   ARM Code       0  anon$$obj.o(Veneer$$Code)
    Long ARM to Thumb Veneer to __rt_lib_shutdown 0x000016ac   ARM Code       0  anon$$obj.o(Veneer$$Code)
    Short Thumb to ARM Veneer to __rt_exit   0x000016b9   Thumb Code     0  anon$$obj.o(Veneer$$Code)
    USB_GetDescriptor                        0x000016c1   Thumb Code   166  usbcore.o(i.USB_GetDescriptor)
    USB_GetStatus                            0x0000177d   Thumb Code   188  usbcore.o(i.USB_GetStatus)
    USB_SetClrFeature                        0x00001859   Thumb Code   210  usbcore.o(i.USB_SetClrFeature)
    USB_SetConfiguration                     0x00001941   Thumb Code   380  usbcore.o(i.USB_SetConfiguration)
    USB_SetInterface                         0x00001ae1   Thumb Code   294  usbcore.o(i.USB_SetInterface)
    __ARM_get_argv                           0x00001c21   Thumb Code     2  memory.o(i.__ARM_get_argv)
    Inline Thumb to ARM Veneer to _fp_init   0x00001c25   Thumb Code     0  fpinit.o(x$fpl$fpinit)
    _fp_init                                 0x00001c28   ARM Code      24  fpinit.o(x$fpl$fpinit)
    __fplib_config_pureend_doubles           0x00001c38   ARM Code       0  fpinit.o(x$fpl$fpinit)
    DiskImage                                0x00001c40   Data        4096  diskimg.o(.constdata)
    USB_DeviceDescriptor                     0x00002c40   Data          18  usbdesc.o(.constdata)
    USB_ConfigDescriptor                     0x00002c52   Data          33  usbdesc.o(.constdata)
    USB_StringDescriptor                     0x00002c73   Data         112  usbdesc.o(.constdata)
    USB_P_EP                                 0x00002ce4   Data          64  usbuser.o(.constdata)
    Region$$Table$$Base                      0x00002d24   Number         0  anon$$obj.o(Region$$Table)
    Region$$Table$$Limit                     0x00002d44   Number         0  anon$$obj.o(Region$$Table)
    USB_DeviceStatus                         0x40000000   Data           2  usbcore.o(.data)
    USB_DeviceAddress                        0x40000002   Data           1  usbcore.o(.data)
    USB_Configuration                        0x40000003   Data           1  usbcore.o(.data)
    USB_EndPointMask                         0x40000004   Data           4  usbcore.o(.data)
    USB_EndPointHalt                         0x40000008   Data           4  usbcore.o(.data)
    USB_NumInterfaces                        0x4000000c   Data           1  usbcore.o(.data)
    USB_AltSetting                           0x4000000d   Data           4  usbcore.o(.data)
    EP0Data                                  0x40000014   Data           8  usbcore.o(.data)
    SetupPacket                              0x4000001c   Data           8  usbcore.o(.data)
    MemOK                                    0x40000024   Data           4  mscuser.o(.data)
    Offset                                   0x40000028   Data           4  mscuser.o(.data)
    Length                                   0x4000002c   Data           4  mscuser.o(.data)
    BulkStage                                0x40000030   Data           1  mscuser.o(.data)
    BulkLen                                  0x40000031   Data           1  mscuser.o(.data)
    EP0Buf                                   0x40000034   Data          64  usbcore.o(.bss)
    Memory                                   0x40000074   Data       16384  mscuser.o(.bss)
    BulkBuf                                  0x40004074   Data          64  mscuser.o(.bss)
    CBW                                      0x400040b4   Data          31  mscuser.o(.bss)
    CSW                                      0x400040d3   Data          13  mscuser.o(.bss)


================================================================================

Memory Map of the image

  Image Entry point : 0x00000120

  Load Region LR_IROM1 (Base: 0x00000000, Size: 0x00002d78, Max: 0x00080000, ABSOLUTE)

    Execution Region ER_IROM1 (Base: 0x00000000, Size: 0x00002d44, Max: 0xffffffff, ABSOLUTE)

    Base Addr    Size         Type   Attr      Idx    E Section Name        Object

    0x00000000   0x00000120   Code   RO            3    RESET               startup.o
    0x00000120   0x00000008   Code   RO          191  * !!!main             __main.o(c_t__un.l)
    0x00000128   0x00000038   Code   RO          225    !!!scatter          __scatter.o(c_t__un.l)
    0x00000160   0x00000028   Code   RO          227    !!handler_copy      __scatter_copy.o(c_t__un.l)
    0x00000188   0x0000002c   Code   RO          229    !!handler_zi        __scatter_zi.o(c_t__un.l)
    0x000001b4   0x00000004   Ven    RO          204    .emb_text           lib_init.o(c_t__un.l)
    0x000001b8   0x00000010   Code   RO          204    .emb_text           lib_init.o(c_t__un.l)
    0x000001c8   0x00000020   Code   RO            4    .text               startup.o
    0x000001e8   0x00000008   Ven    RO           25    .text               usbhw.o
    0x000001f0   0x00000408   Code   RO           25    .text               usbhw.o
    0x000005f8   0x000001ac   Code   RO           26    .text               usbhw.o
    0x000007a4   0x00000348   Code   RO           66    .text               usbcore.o
    0x00000aec   0x00000008   Ven    RO          137    .text               usbuser.o
    0x00000af4   0x00000088   Code   RO          137    .text               usbuser.o
    0x00000b7c   0x000007e4   Code   RO          154    .text               mscuser.o
    0x00001360   0x0000003c   Code   RO          169    .text               memory.o
    0x0000139c   0x00000004   Ven    RO          185    .text               uread4.o(c_t__un.l)
    0x000013a0   0x00000020   Code   RO          185    .text               uread4.o(c_t__un.l)
    0x000013c0   0x00000004   Ven    RO          187    .text               uwrite4.o(c_t__un.l)
    0x000013c4   0x00000020   Code   RO          187    .text               uwrite4.o(c_t__un.l)
    0x000013e4   0x000000a8   Code   RO          189    .text               stkheap2.o(c_t__un.l)
    0x0000148c   0x00000004   Ven    RO          193    .text               switch8.o(h_t__un.l)
    0x00001490   0x00000018   Code   RO          193    .text               switch8.o(h_t__un.l)
    0x000014a8   0x00000004   Ven    RO          195    .text               libspace.o(c_t__un.l)
    0x000014ac   0x0000000c   Code   RO          195    .text               libspace.o(c_t__un.l)
    0x000014b8   0x00000068   Code   RO          198    .text               kernel.o(c_t__un.l)
    0x00001520   0x00000018   Code   RO          200    .text               sys_exit.o(c_t__un.l)
    0x00001538   0x00000014   Code   RO          202    .text               exit.o(c_t__un.l)
    0x0000154c   0x00000008   Ven    RO          205    .text               lib_init.o(c_t__un.l)
    0x00001554   0x000000ce   Code   RO          205    .text               lib_init.o(c_t__un.l)
    0x00001622   0x00000002   PAD
    0x00001624   0x00000004   Code   RO          208    .text               boardinit1.o(c_t__un.l)
    0x00001628   0x0000000c   Code   RO          210    .text               boardinit2.o(c_t__un.l)
    0x00001634   0x00000010   Code   RO          212    .text               boardinit3.o(c_t__un.l)
    0x00001644   0x00000004   Code   RO          214    .text               boardshut.o(c_t__un.l)
    0x00001648   0x00000004   Code   RO          216    .text               use_semi.o(c_t__un.l)
    0x0000164c   0x00000004   Code   RO          218    .text               cpuinit.o(c_t__un.l)
    0x00001650   0x00000014   Code   RO          222    .text               rt_fp_status_addr.o(c_t__un.l)
    0x00001664   0x0000000c   Ven    RO          234    Veneer$$Code        anon$$obj.o
    0x00001670   0x0000000c   Ven    RO          235    Veneer$$Code        anon$$obj.o
    0x0000167c   0x0000000c   Ven    RO          237    Veneer$$Code        anon$$obj.o
    0x00001688   0x0000000c   Ven    RO          238    Veneer$$Code        anon$$obj.o
    0x00001694   0x0000000c   Ven    RO          239    Veneer$$Code        anon$$obj.o
    0x000016a0   0x0000000c   Ven    RO          240    Veneer$$Code        anon$$obj.o
    0x000016ac   0x0000000c   Ven    RO          243    Veneer$$Code        anon$$obj.o
    0x000016b8   0x00000008   Ven    RO          244    Veneer$$Code        anon$$obj.o
    0x000016c0   0x000000bc   Code   RO           71    i.USB_GetDescriptor  usbcore.o
    0x0000177c   0x000000dc   Code   RO           70    i.USB_GetStatus     usbcore.o
    0x00001858   0x000000e8   Code   RO           67    i.USB_SetClrFeature  usbcore.o
    0x00001940   0x000001a0   Code   RO           68    i.USB_SetConfiguration  usbcore.o
    0x00001ae0   0x00000140   Code   RO           69    i.USB_SetInterface  usbcore.o
    0x00001c20   0x00000002   Code   RO          170    i.__ARM_get_argv    memory.o
    0x00001c22   0x00000002   PAD
    0x00001c24   0x00000004   Ven    RO          220    x$fpl$fpinit        fpinit.o(fz_t_p.l)
    0x00001c28   0x00000018   Code   RO          220    x$fpl$fpinit        fpinit.o(fz_t_p.l)
    0x00001c40   0x00001000   Data   RO           10    .constdata          diskimg.o
    0x00002c40   0x000000a3   Data   RO          128    .constdata          usbdesc.o
    0x00002ce3   0x00000001   PAD
    0x00002ce4   0x00000040   Data   RO          138    .constdata          usbuser.o
    0x00002d24   0x00000020   Data   RO          224    Region$$Table       anon$$obj.o


    Execution Region RW_IRAM1 (Base: 0x40000000, Size: 0x00004648, Max: 0x00008000, ABSOLUTE)

    Base Addr    Size         Type   Attr      Idx    E Section Name        Object

    0x40000000   0x00000024   Data   RW           72    .data               usbcore.o
    0x40000024   0x0000000e   Data   RW          155    .data               mscuser.o
    0x40000032   0x00000002   PAD
    0x40000034   0x00000040   Zero   RW           73    .bss                usbcore.o
    0x40000074   0x0000406c   Zero   RW          156    .bss                mscuser.o
    0x400040e0   0x00000060   Zero   RW          196    .bss                libspace.o(c_t__un.l)
    0x40004140   0x00000000   Zero   RW            2    HEAP                startup.o
    0x40004140   0x00000508   Zero   RW            1    STACK               startup.o


================================================================================

Image component sizes


      Code (inc. data)   RO Data    RW Data    ZI Data      Debug   Object Name

         0          0       4096          0          0       1788   diskimg.o
        62         14          0          0          0        372   memory.o
      2020         82          0         14      16492       4176   mscuser.o
       320         64          0          0       1288        376   startup.o
      2216        206          0         36         64       7732   usbcore.o
         0          0        163          0          0        440   usbdesc.o
      1460        102          0          0          0      12460   usbhw.o
       136          8         64          0          0       2516   usbuser.o

    ------------------------------------------------------------------------
      6324        504       4356         52      17844      29860   Object Totals
       108         28         32          0          0          0   (incl. Generated)
         2          0          1          2          0          0   (incl. Padding)

    ------------------------------------------------------------------------

      Code (inc. data)   RO Data    RW Data    ZI Data      Debug   Library Member Name

         8          0          0          0          0          0   __main.o
        56          8          0          0          0         60   __scatter.o
        40          0          0          0          0         60   __scatter_copy.o
        44          0          0          0          0         60   __scatter_zi.o
         4          0          0          0          0          0   boardinit1.o
        12          0          0          0          0          0   boardinit2.o
        16          0          0          0          0          0   boardinit3.o
         4          0          0          0          0          0   boardshut.o
         4          0          0          0          0          0   cpuinit.o
        20          0          0          0          0          0   exit.o
        28          0          0          0          0          0   fpinit.o
       104          4          0          0          0          0   kernel.o
       234          4          0          0          0          0   lib_init.o
        16          4          0          0         96          0   libspace.o
        20          0          0          0          0          0   rt_fp_status_addr.o
       168          0          0          0          0          0   stkheap2.o
        28          0          0          0          0          0   switch8.o
        24          8          0          0          0          0   sys_exit.o
        36          0          0          0          0          0   uread4.o
         4          0          0          0          0          0   use_semi.o
        36          0          0          0          0          0   uwrite4.o

    ------------------------------------------------------------------------
       908         28          0          0         96        180   Library Totals
         2          0          0          0          0          0   (incl. Padding)

    ------------------------------------------------------------------------

      Code (inc. data)   RO Data    RW Data    ZI Data      Debug   Library Name

       850         28          0          0         96        180   c_t__un.l
        28          0          0          0          0          0   fz_t_p.l
        28          0          0          0          0          0   h_t__un.l

    ------------------------------------------------------------------------
       908         28          0          0         96        180   Library Totals

    ------------------------------------------------------------------------

================================================================================


      Code (inc. data)   RO Data    RW Data    ZI Data      Debug   

      7232        532       4356         52      17940      30040   Grand Totals
      7232        532       4356         52      17940      30040   Image Totals

================================================================================

    Total RO  Size (Code + RO Data)                11588 (  11.32kB)
    Total RW  Size (RW Data + ZI Data)             17992 (  17.57kB)
    Total ROM Size (Code + RO Data + RW Data)      11640 (  11.37kB)

================================================================================

