ARM Linker, RVCT2.2 [Build 442] for uVision [Full]

================================================================================

Section Cross References

    startup.o(STACK) refers (Special) to stkheap2.o(.text) for __use_two_region_memory
    startup.o(HEAP) refers (Special) to stkheap2.o(.text) for __use_two_region_memory
    startup.o(RESET) refers to startup.o(STACK) for Stack_Top
    startup.o(RESET) refers to __main.o(!!!main) for __main
    startup.o(RESET) refers (Special) to stkheap2.o(.text) for __use_two_region_memory
    startup.o(.text) refers to startup.o(HEAP) for Heap_Mem
    startup.o(.text) refers to startup.o(STACK) for Stack_Mem
    startup.o(.text) refers (Special) to stkheap2.o(.text) for __use_two_region_memory
    usbhw.o(.text) refers to uwrite4.o(.text) for __aeabi_uwrite4
    usbhw.o(.text) refers to uread4.o(.text) for __aeabi_uread4
    usbhw.o(.text) refers to usbhw.o(.text) for USB_ISR
    usbhw.o(.text) refers to usbcore.o(.data) for USB_DeviceStatus
    usbhw.o(.text) refers to usbhw.o(.text) for WrCmd
    usbhw.o(.text) refers to usbuser.o(.text) for USB_Reset_Event
    usbhw.o(.text) refers to usbuser.o(.constdata) for USB_P_EP
    usbcore.o(.text) refers to usbhw.o(.text) for USB_ReadEP
    usbcore.o(.text) refers to switch8.o(.text) for __ARM_switch8
    usbcore.o(.text) refers to usbcore.o(i.USB_GetStatus) for USB_GetStatus
    usbcore.o(.text) refers to usbcore.o(i.USB_SetClrFeature) for USB_SetClrFeature
    usbcore.o(.text) refers to usbcore.o(i.USB_GetDescriptor) for USB_GetDescriptor
    usbcore.o(.text) refers to usbcore.o(i.USB_SetConfiguration) for USB_SetConfiguration
    usbcore.o(.text) refers to usbuser.o(.text) for USB_Configure_Event
    usbcore.o(.text) refers to usbcore.o(i.USB_SetInterface) for USB_SetInterface
    usbcore.o(.text) refers to hiduser.o(.text) for HID_GetReport
    usbcore.o(.text) refers to usbcore.o(.data) for USB_DeviceStatus
    usbcore.o(.text) refers to usbcore.o(.bss) for EP0Buf
    usbuser.o(.text) refers to usbcore.o(.text) for USB_ResetCore
    usbuser.o(.text) refers to demo.o(.text) for GetInReport
    usbuser.o(.text) refers to usbhw.o(.text) for USB_WriteEP
    usbuser.o(.text) refers to usbcore.o(.data) for USB_Configuration
    usbuser.o(.text) refers to demo.o(.data) for InReport
    usbuser.o(.constdata) refers to usbcore.o(.text) for USB_EndPoint0
    usbuser.o(.constdata) refers to usbuser.o(.text) for USB_EndPoint1
    hiduser.o(.text) refers to demo.o(.text) for GetInReport
    hiduser.o(.text) refers to usbcore.o(.data) for SetupPacket
    hiduser.o(.text) refers to demo.o(.data) for InReport
    hiduser.o(.text) refers to usbcore.o(.bss) for EP0Buf
    hiduser.o(.text) refers to hiduser.o(.data) for HID_IdleTime
    demo.o(.text) refers to usbhw.o(.text) for USB_Init
    demo.o(.text) refers to demo.o(.data) for InReport
    stkheap2.o(.text) refers to libspace.o(.text) for __user_perproc_libspace
    stkheap2.o(.text) refers to startup.o(.text) for __user_initial_stackheap
    __main.o(!!!main) refers to kernel.o(.text) for __rt_entry
    libspace.o(.text) refers to libspace.o(.bss) for __libspace_start
    kernel.o(.text) refers to boardinit1.o(.text) for _platform_pre_stackheap_init
    kernel.o(.text) refers to stkheap2.o(.text) for __rt_stackheap_init
    kernel.o(.text) refers to boardinit2.o(.text) for _platform_post_stackheap_init
    kernel.o(.text) refers to lib_init.o(.text) for __rt_lib_init
    kernel.o(.text) refers to boardinit3.o(.text) for _platform_post_lib_init
    kernel.o(.text) refers to exit.o(.text) for exit
    kernel.o(.text) refers to demo.o(.text) for main
    kernel.o(.text) refers to boardshut.o(.text) for _platform_pre_lib_shutdown
    kernel.o(.text) refers to sys_exit.o(.text) for _sys_exit
    sys_exit.o(.text) refers to use_semi.o(.text) for __I_use_semihosting_swi
    exit.o(.text) refers to kernel.o(.text) for __rt_exit
    lib_init.o(.emb_text) refers to demo.o(i.__ARM_get_argv) for __ARM_get_argv
    lib_init.o(.text) refers to fpinit.o(x$fpl$fpinit) for _fp_init
    lib_init.o(.text) refers to lib_init.o(.emb_text) for __ARM_argv_veneer
    lib_init.o(.text) refers to libspace.o(.text) for __user_perproc_libspace
    boardinit3.o(.text) refers to cpuinit.o(.text) for _cpu_pre_main
    fpinit.o(x$fpl$fpinit) refers to rt_fp_status_addr.o(.text) for __rt_fp_status_addr
    rt_fp_status_addr.o(.text) refers to libspace.o(.text) for __user_perthread_libspace
    usbcore.o(i.USB_SetClrFeature) refers to usbhw.o(.text) for USB_WakeUpCfg
    usbcore.o(i.USB_SetClrFeature) refers to usbcore.o(.data) for SetupPacket
    usbcore.o(i.USB_GetStatus) refers to usbcore.o(.text) for USB_DataInStage
    usbcore.o(i.USB_GetStatus) refers to usbcore.o(.data) for SetupPacket
    usbcore.o(i.USB_GetStatus) refers to usbcore.o(.bss) for EP0Buf
    usbcore.o(i.USB_SetConfiguration) refers to usbhw.o(.text) for USB_DisableEP
    usbcore.o(i.USB_SetConfiguration) refers to usbcore.o(.data) for SetupPacket
    usbcore.o(i.USB_SetConfiguration) refers to usbdesc.o(.constdata) for USB_ConfigDescriptor
    usbcore.o(i.USB_SetInterface) refers to usbhw.o(.text) for USB_ConfigEP
    usbcore.o(i.USB_SetInterface) refers to usbcore.o(.data) for USB_Configuration
    usbcore.o(i.USB_SetInterface) refers to usbdesc.o(.constdata) for USB_ConfigDescriptor
    usbcore.o(i.USB_GetDescriptor) refers to usbcore.o(.text) for USB_DataInStage
    usbcore.o(i.USB_GetDescriptor) refers to usbcore.o(.data) for SetupPacket
    usbcore.o(i.USB_GetDescriptor) refers to usbdesc.o(.constdata) for USB_DeviceDescriptor


================================================================================

Adding Veneers to the image

    Adding TA veneer (4 bytes, Inline) for call to '__aeabi_uwrite4' from usbhw.o(.text).
    Adding TA veneer (4 bytes, Inline) for call to '__aeabi_uread4' from usbhw.o(.text).
    Adding AT veneer (8 bytes, Inline) for call to 'WrCmd' from usbhw.o(.text).
    Adding AT veneer (12 bytes, Long) for call to 'RdCmdDat' from usbhw.o(.text).
    Adding AT veneer (12 bytes, Long) for call to 'USB_Reset' from usbhw.o(.text).
    Adding AT veneer (8 bytes, Inline) for call to 'USB_Reset_Event' from usbhw.o(.text).
    Adding AT veneer (12 bytes, Long) for call to 'USB_Suspend' from usbhw.o(.text).
    Adding AT veneer (12 bytes, Long) for call to 'USB_Resume' from usbhw.o(.text).
    Adding TA veneer (4 bytes, Inline) for call to '__ARM_switch8' from usbcore.o(.text).
    Adding AT veneer (8 bytes, Inline) for call to '__rt_lib_init' from kernel.o(.text).
    Adding AT veneer (12 bytes, Long) for call to '__rt_lib_shutdown' from kernel.o(.text).
    Adding TA veneer (8 bytes, Short) for call to '__rt_exit' from exit.o(.text).
    Adding TA veneer (4 bytes, Inline) for call to '_fp_init' from lib_init.o(.text).
    Adding TA veneer (4 bytes, Inline) for call to '__ARM_argv_veneer' from lib_init.o(.text).
    Adding TA veneer (4 bytes, Inline) for call to '__user_perproc_libspace' from lib_init.o(.text).

15 Veneer(s) (total 116 bytes) added to the image.

================================================================================

Image Symbol Table

    Local Symbols

    Symbol Name                              Value     Ov Type        Size  Object(Section)

    ../../angel/boardlib.s                   0x00000000   Number         0  boardinit2.o ABSOLUTE
    ../../angel/boardlib.s                   0x00000000   Number         0  boardinit1.o ABSOLUTE
    ../../angel/boardlib.s                   0x00000000   Number         0  cpuinit.o ABSOLUTE
    ../../angel/boardlib.s                   0x00000000   Number         0  boardinit3.o ABSOLUTE
    ../../angel/boardlib.s                   0x00000000   Number         0  boardshut.o ABSOLUTE
    ../../angel/handlers.s                   0x00000000   Number         0  __scatter_copy.o ABSOLUTE
    ../../angel/handlers.s                   0x00000000   Number         0  __scatter_zi.o ABSOLUTE
    ../../angel/kernel.s                     0x00000000   Number         0  kernel.o ABSOLUTE
    ../../angel/rt.s                         0x00000000   Number         0  rt_fp_status_addr.o ABSOLUTE
    ../../angel/scatter.s                    0x00000000   Number         0  __scatter.o ABSOLUTE
    ../../angel/startup.s                    0x00000000   Number         0  __main.o ABSOLUTE
    ../../angel/sys.s                        0x00000000   Number         0  sys_exit.o ABSOLUTE
    ../../angel/sys.s                        0x00000000   Number         0  libspace.o ABSOLUTE
    ../../angel/sys.s                        0x00000000   Number         0  use_semi.o ABSOLUTE
    ../../armsys.c                           0x00000000   Number         0  lib_init.o ABSOLUTE
    ../../armsys.c                           0x00000000   Number         0  lib_init.o ABSOLUTE
    ../../fpinit.s                           0x00000000   Number         0  fpinit.o ABSOLUTE
    ../../stdlib.c                           0x00000000   Number         0  exit.o ABSOLUTE
    ../../stkheap2.s                         0x00000000   Number         0  stkheap2.o ABSOLUTE
    ../../unhosted.s                         0x00000000   Number         0  uwrite4.o ABSOLUTE
    ../../unhosted.s                         0x00000000   Number         0  uread4.o ABSOLUTE
    ../../unhosted.s                         0x00000000   Number         0  switch8.o ABSOLUTE
    ABT_Stack_Size                           0x00000000   Number         0  startup.o ABSOLUTE
    FIQ_Stack_Size                           0x00000000   Number         0  startup.o ABSOLUTE
    Heap_Size                                0x00000000   Number         0  startup.o ABSOLUTE
    MAMCR_OFS                                0x00000000   Number         0  startup.o ABSOLUTE
    PLLCON_OFS                               0x00000000   Number         0  startup.o ABSOLUTE
    Startup.s                                0x00000000   Number         0  startup.o ABSOLUTE
    UND_Stack_Size                           0x00000000   Number         0  startup.o ABSOLUTE
    Vectors                                  0x00000000   ARM Code       4  startup.o(RESET)
    dc.s                                     0x00000000   Number         0  dc.o ABSOLUTE
    demo.c                                   0x00000000   Number         0  demo.o ABSOLUTE
    hiduser.c                                0x00000000   Number         0  hiduser.o ABSOLUTE
    usbcore.c                                0x00000000   Number         0  usbcore.o ABSOLUTE
    usbdesc.c                                0x00000000   Number         0  usbdesc.o ABSOLUTE
    usbhw.c                                  0x00000000   Number         0  usbhw.o ABSOLUTE
    usbuser.c                                0x00000000   Number         0  usbuser.o ABSOLUTE
    RESET                                    0x00000000   Section      288  startup.o(RESET)
    MAM_SETUP                                0x00000001   Number         0  startup.o ABSOLUTE
    PLLCON_PLLE                              0x00000001   Number         0  startup.o ABSOLUTE
    PLL_SETUP                                0x00000001   Number         0  startup.o ABSOLUTE
    VPBDIV_SETUP                             0x00000001   Number         0  startup.o ABSOLUTE
    VPBDIV_Val                               0x00000001   Number         0  startup.o ABSOLUTE
    MAMCR_Val                                0x00000002   Number         0  startup.o ABSOLUTE
    PLLCON_PLLC                              0x00000002   Number         0  startup.o ABSOLUTE
    MAMTIM_OFS                               0x00000004   Number         0  startup.o ABSOLUTE
    MAMTIM_Val                               0x00000004   Number         0  startup.o ABSOLUTE
    PLLCFG_OFS                               0x00000004   Number         0  startup.o ABSOLUTE
    PLLSTAT_OFS                              0x00000008   Number         0  startup.o ABSOLUTE
    SVC_Stack_Size                           0x00000008   Number         0  startup.o ABSOLUTE
    PLLFEED_OFS                              0x0000000c   Number         0  startup.o ABSOLUTE
    Mode_USR                                 0x00000010   Number         0  startup.o ABSOLUTE
    Mode_FIQ                                 0x00000011   Number         0  startup.o ABSOLUTE
    Mode_IRQ                                 0x00000012   Number         0  startup.o ABSOLUTE
    Mode_SVC                                 0x00000013   Number         0  startup.o ABSOLUTE
    Mode_ABT                                 0x00000017   Number         0  startup.o ABSOLUTE
    Mode_UND                                 0x0000001b   Number         0  startup.o ABSOLUTE
    Mode_SYS                                 0x0000001f   Number         0  startup.o ABSOLUTE
    PLLCFG_MSEL                              0x0000001f   Number         0  startup.o ABSOLUTE
    Reset_Addr                               0x00000020   Data           4  startup.o(RESET)
    PLLCFG_Val                               0x00000024   Number         0  startup.o ABSOLUTE
    Undef_Addr                               0x00000024   Data           4  startup.o(RESET)
    SWI_Addr                                 0x00000028   Data           4  startup.o(RESET)
    PAbt_Addr                                0x0000002c   Data           4  startup.o(RESET)
    DAbt_Addr                                0x00000030   Data           4  startup.o(RESET)
    IRQ_Addr                                 0x00000038   Data           4  startup.o(RESET)
    FIQ_Addr                                 0x0000003c   Data           4  startup.o(RESET)
    F_Bit                                    0x00000040   Number         0  startup.o ABSOLUTE
    Undef_Handler                            0x00000040   ARM Code       4  startup.o(RESET)
    SWI_Handler                              0x00000044   ARM Code       4  startup.o(RESET)
    PAbt_Handler                             0x00000048   ARM Code       4  startup.o(RESET)
    DAbt_Handler                             0x0000004c   ARM Code       4  startup.o(RESET)
    IRQ_Handler                              0x00000050   ARM Code       4  startup.o(RESET)
    FIQ_Handler                              0x00000054   ARM Code       4  startup.o(RESET)
    PLLCFG_PSEL                              0x00000060   Number         0  startup.o ABSOLUTE
    I_Bit                                    0x00000080   Number         0  startup.o ABSOLUTE
    PLL_Loop                                 0x00000088   ARM Code       4  startup.o(RESET)
    IRQ_Stack_Size                           0x00000100   Number         0  startup.o ABSOLUTE
    !!!main                                  0x00000120   Section        8  __main.o(!!!main)
    !!!scatter                               0x00000128   Section       56  __scatter.o(!!!scatter)
    _region_table                            0x00000158   Data           0  __scatter.o(!!!scatter)
    _move_loop                               0x00000160   ARM Code       0  __scatter_copy.o(!!handler_copy)
    !!handler_copy                           0x00000160   Section       40  __scatter_copy.o(!!handler_copy)
    !!handler_zi                             0x00000188   Section       44  __scatter_zi.o(!!handler_zi)
    _zero_loop                               0x00000198   ARM Code       0  __scatter_zi.o(!!handler_zi)
    .emb_text                                0x000001b8   Section       16  lib_init.o(.emb_text)
    argv                                     0x000001c4   Data           0  lib_init.o(.emb_text)
    .text                                    0x000001c8   Section       32  startup.o(.text)
    .text                                    0x000001f0   Section     1032  usbhw.o(.text)
    PLLSTAT_PLOCK                            0x00000400   Number         0  startup.o ABSOLUTE
    USR_Stack_Size                           0x00000400   Number         0  startup.o ABSOLUTE
    Stack_Size                               0x00000508   Number         0  startup.o ABSOLUTE
    .text                                    0x000005f8   Section      420  usbhw.o(.text)
    .text                                    0x0000079c   Section      952  usbcore.o(.text)
    .text                                    0x00000b5c   Section      108  usbuser.o(.text)
    .text                                    0x00000bc8   Section      192  hiduser.o(.text)
    .text                                    0x00000c88   Section       88  demo.o(.text)
    .text                                    0x00000ce4   Section       32  uread4.o(.text)
    .text                                    0x00000d08   Section       32  uwrite4.o(.text)
    .text                                    0x00000d28   Section      168  stkheap2.o(.text)
    .text                                    0x00000dd4   Section       24  switch8.o(.text)
    .text                                    0x00000df0   Section       12  libspace.o(.text)
    .text                                    0x00000dfc   Section      104  kernel.o(.text)
    mainaddruse                              0x00000e24   ARM Code       4  kernel.o(.text)
    thumbmainreturn                          0x00000e41   Thumb Code     0  kernel.o(.text)
    mainaddr                                 0x00000e44   Data           4  kernel.o(.text)
    __rt_abort1                              0x00000e60   ARM Code       0  kernel.o(.text)
    .text                                    0x00000e64   Section       24  sys_exit.o(.text)
    .text                                    0x00000e7c   Section       20  exit.o(.text)
    .text                                    0x00000e98   Section      206  lib_init.o(.text)
    .text                                    0x00000f68   Section        4  boardinit1.o(.text)
    .text                                    0x00000f6c   Section       12  boardinit2.o(.text)
    .text                                    0x00000f78   Section       16  boardinit3.o(.text)
    .text                                    0x00000f88   Section        4  boardshut.o(.text)
    .text                                    0x00000f8c   Section        4  use_semi.o(.text)
    .text                                    0x00000f90   Section        4  cpuinit.o(.text)
    .text                                    0x00000f94   Section       20  rt_fp_status_addr.o(.text)
    i.USB_GetDescriptor                      0x00000fec   Section      268  usbcore.o(i.USB_GetDescriptor)
    i.USB_GetStatus                          0x000010f8   Section      220  usbcore.o(i.USB_GetStatus)
    i.USB_SetClrFeature                      0x000011d4   Section      232  usbcore.o(i.USB_SetClrFeature)
    i.USB_SetConfiguration                   0x000012bc   Section      416  usbcore.o(i.USB_SetConfiguration)
    i.USB_SetInterface                       0x0000145c   Section      320  usbcore.o(i.USB_SetInterface)
    i.__ARM_get_argv                         0x0000159c   Section        2  demo.o(i.__ARM_get_argv)
    x$fpl$fpinit                             0x000015a4   Section       24  fpinit.o(x$fpl$fpinit)
    .constdata$1                             0x000015bc   Data           0  usbdesc.o(.constdata)
    .constdata                               0x000015bc   Section      199  usbdesc.o(.constdata)
    .constdata$1                             0x00001684   Data           0  usbuser.o(.constdata)
    .constdata                               0x00001684   Section       64  usbuser.o(.constdata)
    .data$0                                  0x40000000   Data           0  usbcore.o(.data)
    .data                                    0x40000000   Section       36  usbcore.o(.data)
    .data$0                                  0x40000024   Data           0  hiduser.o(.data)
    .data                                    0x40000024   Section        2  hiduser.o(.data)
    .data$0                                  0x40000026   Data           0  demo.o(.data)
    .data                                    0x40000026   Section        2  demo.o(.data)
    .bss$5                                   0x40000028   Data           0  usbcore.o(.bss)
    .bss                                     0x40000028   Section       64  usbcore.o(.bss)
    __libspace_start                         0x40000068   Data          96  libspace.o(.bss)
    .bss                                     0x40000068   Section       96  libspace.o(.bss)
    Heap_Mem                                 0x400000c8   Number         0  startup.o(HEAP)
    Stack_Mem                                0x400000c8   Data        1288  startup.o(STACK)
    HEAP                                     0x400000c8   Number         0  startup.o(HEAP)
    STACK                                    0x400000c8   Section     1288  startup.o(STACK)
    Stack_Top                                0x400005d0   Number         0  startup.o(STACK)
    MAM_BASE                                 0xe01fc000   Number         0  startup.o ABSOLUTE
    MEMMAP                                   0xe01fc040   Number         0  startup.o ABSOLUTE
    PLL_BASE                                 0xe01fc080   Number         0  startup.o ABSOLUTE
    VPBDIV                                   0xe01fc100   Number         0  startup.o ABSOLUTE

    Global Symbols

    Symbol Name                              Value     Ov Type        Size  Object(Section)

    BuildAttributes$$THUMB_ISAv1$ARM_ISAv4$M$PE$A:L22$X:L11$S22$IEEE1$IW$USESV6$~STKCKD$USESV7$~SHL$OSPACE$EBA8$REQ8$EABIv2 0x00000000   Number         0  anon$$obj.o ABSOLUTE
    __ARM_exceptions_init                     - Undefined Weak Reference
    __Heap_DescSize                           - Undefined Weak Reference
    __alloca_initialize                       - Undefined Weak Reference
    __cpp_initialize__aeabi_                  - Undefined Weak Reference
    __cxa_finalize                            - Undefined Weak Reference
    __user_heap_extend                        - Undefined Weak Reference
    __user_stack_slop                         - Undefined Weak Reference
    _atexit_init                              - Undefined Weak Reference
    _call_atexit_fns                          - Undefined Weak Reference
    _clock_init                               - Undefined Weak Reference
    _fp_trap_init                             - Undefined Weak Reference
    _get_lc_collate                           - Undefined Weak Reference
    _get_lc_ctype                             - Undefined Weak Reference
    _get_lc_monetary                          - Undefined Weak Reference
    _get_lc_numeric                           - Undefined Weak Reference
    _get_lc_time                              - Undefined Weak Reference
    _getenv_init                              - Undefined Weak Reference
    _init_alloc                               - Undefined Weak Reference
    _init_user_alloc                          - Undefined Weak Reference
    _initio                                   - Undefined Weak Reference
    _rand_init                                - Undefined Weak Reference
    _signal_init                              - Undefined Weak Reference
    _terminate_user_alloc                     - Undefined Weak Reference
    _terminateio                              - Undefined Weak Reference
    Reset_Handler                            0x00000058   ARM Code       0  startup.o(RESET)
    __main                                   0x00000120   ARM Code       8  __main.o(!!!main)
    __scatterload                            0x00000128   ARM Code       0  __scatter.o(!!!scatter)
    __scatterload_rt2                        0x00000128   ARM Code      48  __scatter.o(!!!scatter)
    __scatterload_null                       0x0000013c   ARM Code       0  __scatter.o(!!!scatter)
    __scatterload_copy                       0x00000160   ARM Code      40  __scatter_copy.o(!!handler_copy)
    __scatterload_zeroinit                   0x00000188   ARM Code      44  __scatter_zi.o(!!handler_zi)
    Inline Thumb to ARM Veneer to __ARM_argv_veneer 0x000001b5   Thumb Code     0  lib_init.o(.emb_text)
    __ARM_argv_veneer                        0x000001b8   ARM Code      16  lib_init.o(.emb_text)
    __user_initial_stackheap                 0x000001c8   ARM Code       0  startup.o(.text)
    Inline ARM to Thumb Veneer to WrCmd      0x000001e8   ARM Code       0  usbhw.o(.text)
    EPAdr                                    0x000001f1   Thumb Code    16  usbhw.o(.text)
    WrCmd                                    0x00000201   Thumb Code    24  usbhw.o(.text)
    WrCmdDat                                 0x00000219   Thumb Code    46  usbhw.o(.text)
    RdCmdDat                                 0x00000247   Thumb Code    30  usbhw.o(.text)
    USB_SetAddress                           0x00000265   Thumb Code    50  usbhw.o(.text)
    USB_Reset                                0x00000297   Thumb Code    52  usbhw.o(.text)
    USB_Resume                               0x000002cb   Thumb Code     2  usbhw.o(.text)
    USB_Suspend                              0x000002cd   Thumb Code     2  usbhw.o(.text)
    USB_Init                                 0x000002cf   Thumb Code   130  usbhw.o(.text)
    USB_Connect                              0x00000351   Thumb Code    36  usbhw.o(.text)
    USB_WakeUp                               0x00000375   Thumb Code    24  usbhw.o(.text)
    USB_WakeUpCfg                            0x0000038d   Thumb Code     2  usbhw.o(.text)
    USB_Configure                            0x0000038f   Thumb Code    64  usbhw.o(.text)
    USB_ConfigEP                             0x000003cf   Thumb Code    70  usbhw.o(.text)
    USB_DirCtrlEP                            0x00000415   Thumb Code     2  usbhw.o(.text)
    USB_EnableEP                             0x00000417   Thumb Code    32  usbhw.o(.text)
    USB_DisableEP                            0x00000437   Thumb Code    32  usbhw.o(.text)
    USB_ResetEP                              0x00000457   Thumb Code    32  usbhw.o(.text)
    USB_SetStallEP                           0x00000477   Thumb Code    32  usbhw.o(.text)
    USB_ClrStallEP                           0x00000497   Thumb Code    32  usbhw.o(.text)
    USB_ReadEP                               0x000004b7   Thumb Code   114  usbhw.o(.text)
    USB_WriteEP                              0x00000529   Thumb Code    90  usbhw.o(.text)
    USB_GetFrame                             0x00000583   Thumb Code   118  usbhw.o(.text)
    USB_ISR                                  0x000005f8   ARM Code     404  usbhw.o(.text)
    USB_ResetCore                            0x0000079d   Thumb Code    28  usbcore.o(.text)
    USB_SetupStage                           0x000007b9   Thumb Code    16  usbcore.o(.text)
    USB_DataInStage                          0x000007c9   Thumb Code    56  usbcore.o(.text)
    USB_DataOutStage                         0x00000801   Thumb Code    38  usbcore.o(.text)
    USB_StatusInStage                        0x00000827   Thumb Code    18  usbcore.o(.text)
    USB_StatusOutStage                       0x00000839   Thumb Code    16  usbcore.o(.text)
    USB_EndPoint0                            0x00000849   Thumb Code   736  usbcore.o(.text)
    Inline ARM to Thumb Veneer to USB_Reset_Event 0x00000b54   ARM Code       0  usbuser.o(.text)
    USB_Reset_Event                          0x00000b5d   Thumb Code    12  usbuser.o(.text)
    USB_Configure_Event                      0x00000b69   Thumb Code    30  usbuser.o(.text)
    USB_EndPoint1                            0x00000b87   Thumb Code    30  usbuser.o(.text)
    USB_EndPoint2                            0x00000ba5   Thumb Code     2  usbuser.o(.text)
    USB_EndPoint3                            0x00000ba7   Thumb Code     2  usbuser.o(.text)
    USB_EndPoint4                            0x00000ba9   Thumb Code     2  usbuser.o(.text)
    USB_EndPoint5                            0x00000bab   Thumb Code     2  usbuser.o(.text)
    USB_EndPoint6                            0x00000bad   Thumb Code     2  usbuser.o(.text)
    USB_EndPoint7                            0x00000baf   Thumb Code     2  usbuser.o(.text)
    USB_EndPoint8                            0x00000bb1   Thumb Code     2  usbuser.o(.text)
    USB_EndPoint9                            0x00000bb3   Thumb Code     2  usbuser.o(.text)
    USB_EndPoint10                           0x00000bb5   Thumb Code     2  usbuser.o(.text)
    USB_EndPoint11                           0x00000bb7   Thumb Code     2  usbuser.o(.text)
    USB_EndPoint12                           0x00000bb9   Thumb Code     2  usbuser.o(.text)
    USB_EndPoint13                           0x00000bbb   Thumb Code     2  usbuser.o(.text)
    USB_EndPoint14                           0x00000bbd   Thumb Code     2  usbuser.o(.text)
    USB_EndPoint15                           0x00000bbf   Thumb Code     2  usbuser.o(.text)
    HID_GetReport                            0x00000bc9   Thumb Code    52  hiduser.o(.text)
    HID_SetReport                            0x00000bfd   Thumb Code    52  hiduser.o(.text)
    HID_GetIdle                              0x00000c31   Thumb Code    18  hiduser.o(.text)
    HID_SetIdle                              0x00000c43   Thumb Code    18  hiduser.o(.text)
    HID_GetProtocol                          0x00000c55   Thumb Code    12  hiduser.o(.text)
    HID_SetProtocol                          0x00000c61   Thumb Code    14  hiduser.o(.text)
    GetInReport                              0x00000c89   Thumb Code    28  demo.o(.text)
    SetOutReport                             0x00000ca5   Thumb Code    24  demo.o(.text)
    main                                     0x00000cbd   Thumb Code    24  demo.o(.text)
    Inline Thumb to ARM Veneer to __aeabi_uread4 0x00000ce1   Thumb Code     0  uread4.o(.text)
    __aeabi_uread4                           0x00000ce4   ARM Code       0  uread4.o(.text)
    __rt_uread4                              0x00000ce4   ARM Code      32  uread4.o(.text)
    Inline Thumb to ARM Veneer to __aeabi_uwrite4 0x00000d05   Thumb Code     0  uwrite4.o(.text)
    __aeabi_uwrite4                          0x00000d08   ARM Code       0  uwrite4.o(.text)
    __rt_uwrite4                             0x00000d08   ARM Code      32  uwrite4.o(.text)
    __use_two_region_memory                  0x00000d28   ARM Code       4  stkheap2.o(.text)
    __rt_stackheap_init                      0x00000d2c   ARM Code     140  stkheap2.o(.text)
    __rt_heap_extend                         0x00000db8   ARM Code      24  stkheap2.o(.text)
    Inline Thumb to ARM Veneer to __ARM_switch8 0x00000dd1   Thumb Code     0  switch8.o(.text)
    __ARM_switch8                            0x00000dd4   ARM Code      24  switch8.o(.text)
    __rt_switch8                             0x00000dd4   ARM Code       0  switch8.o(.text)
    Inline Thumb to ARM Veneer to __user_perproc_libspace 0x00000ded   Thumb Code     0  libspace.o(.text)
    __user_libspace                          0x00000df0   ARM Code       8  libspace.o(.text)
    __user_perproc_libspace                  0x00000df0   ARM Code       0  libspace.o(.text)
    __user_perthread_libspace                0x00000df0   ARM Code       0  libspace.o(.text)
    __rt_entry                               0x00000dfc   ARM Code      76  kernel.o(.text)
    __rt_exit                                0x00000e48   ARM Code      20  kernel.o(.text)
    __rt_abort                               0x00000e5c   ARM Code       8  kernel.o(.text)
    _sys_exit                                0x00000e64   ARM Code      20  sys_exit.o(.text)
    exit                                     0x00000e7d   Thumb Code    20  exit.o(.text)
    Inline ARM to Thumb Veneer to __rt_lib_init 0x00000e90   ARM Code       0  lib_init.o(.text)
    __rt_lib_init                            0x00000e99   Thumb Code   184  lib_init.o(.text)
    __rt_lib_shutdown                        0x00000f51   Thumb Code    22  lib_init.o(.text)
    _platform_pre_stackheap_init             0x00000f68   ARM Code       4  boardinit1.o(.text)
    _platform_post_stackheap_init            0x00000f6c   ARM Code      12  boardinit2.o(.text)
    _platform_post_lib_init                  0x00000f78   ARM Code      16  boardinit3.o(.text)
    _platform_pre_lib_shutdown               0x00000f88   ARM Code       4  boardshut.o(.text)
    __I_use_semihosting_swi                  0x00000f8c   ARM Code       4  use_semi.o(.text)
    __semihosting_swi_guard                  0x00000f8c   ARM Code       0  use_semi.o(.text)
    _cpu_pre_main                            0x00000f90   ARM Code       4  cpuinit.o(.text)
    __rt_fp_status_addr                      0x00000f94   ARM Code      20  rt_fp_status_addr.o(.text)
    Long ARM to Thumb Veneer to RdCmdDat     0x00000fa8   ARM Code       0  anon$$obj.o(Veneer$$Code)
    Long ARM to Thumb Veneer to USB_Reset    0x00000fb4   ARM Code       0  anon$$obj.o(Veneer$$Code)
    Long ARM to Thumb Veneer to USB_Suspend  0x00000fc0   ARM Code       0  anon$$obj.o(Veneer$$Code)
    Long ARM to Thumb Veneer to USB_Resume   0x00000fcc   ARM Code       0  anon$$obj.o(Veneer$$Code)
    Long ARM to Thumb Veneer to __rt_lib_shutdown 0x00000fd8   ARM Code       0  anon$$obj.o(Veneer$$Code)
    Short Thumb to ARM Veneer to __rt_exit   0x00000fe5   Thumb Code     0  anon$$obj.o(Veneer$$Code)
    USB_GetDescriptor                        0x00000fed   Thumb Code   240  usbcore.o(i.USB_GetDescriptor)
    USB_GetStatus                            0x000010f9   Thumb Code   188  usbcore.o(i.USB_GetStatus)
    USB_SetClrFeature                        0x000011d5   Thumb Code   210  usbcore.o(i.USB_SetClrFeature)
    USB_SetConfiguration                     0x000012bd   Thumb Code   380  usbcore.o(i.USB_SetConfiguration)
    USB_SetInterface                         0x0000145d   Thumb Code   294  usbcore.o(i.USB_SetInterface)
    __ARM_get_argv                           0x0000159d   Thumb Code     2  demo.o(i.__ARM_get_argv)
    Inline Thumb to ARM Veneer to _fp_init   0x000015a1   Thumb Code     0  fpinit.o(x$fpl$fpinit)
    _fp_init                                 0x000015a4   ARM Code      24  fpinit.o(x$fpl$fpinit)
    __fplib_config_pureend_doubles           0x000015b4   ARM Code       0  fpinit.o(x$fpl$fpinit)
    HID_ReportDescriptor                     0x000015bc   Data          44  usbdesc.o(.constdata)
    HID_ReportDescSize                       0x000015e8   Data           2  usbdesc.o(.constdata)
    USB_DeviceDescriptor                     0x000015ea   Data          18  usbdesc.o(.constdata)
    USB_ConfigDescriptor                     0x000015fc   Data          35  usbdesc.o(.constdata)
    USB_StringDescriptor                     0x0000161f   Data         100  usbdesc.o(.constdata)
    USB_P_EP                                 0x00001684   Data          64  usbuser.o(.constdata)
    Region$$Table$$Base                      0x000016c4   Number         0  anon$$obj.o(Region$$Table)
    Region$$Table$$Limit                     0x000016e4   Number         0  anon$$obj.o(Region$$Table)
    USB_DeviceStatus                         0x40000000   Data           2  usbcore.o(.data)
    USB_DeviceAddress                        0x40000002   Data           1  usbcore.o(.data)
    USB_Configuration                        0x40000003   Data           1  usbcore.o(.data)
    USB_EndPointMask                         0x40000004   Data           4  usbcore.o(.data)
    USB_EndPointHalt                         0x40000008   Data           4  usbcore.o(.data)
    USB_NumInterfaces                        0x4000000c   Data           1  usbcore.o(.data)
    USB_AltSetting                           0x4000000d   Data           4  usbcore.o(.data)
    EP0Data                                  0x40000014   Data           8  usbcore.o(.data)
    SetupPacket                              0x4000001c   Data           8  usbcore.o(.data)
    HID_Protocol                             0x40000024   Data           1  hiduser.o(.data)
    HID_IdleTime                             0x40000025   Data           1  hiduser.o(.data)
    InReport                                 0x40000026   Data           1  demo.o(.data)
    OutReport                                0x40000027   Data           1  demo.o(.data)
    EP0Buf                                   0x40000028   Data          64  usbcore.o(.bss)


================================================================================

Memory Map of the image

  Image Entry point : 0x00000120

  Load Region LR_IROM1 (Base: 0x00000000, Size: 0x0000170c, Max: 0x00080000, ABSOLUTE)

    Execution Region ER_IROM1 (Base: 0x00000000, Size: 0x000016e4, Max: 0xffffffff, ABSOLUTE)

    Base Addr    Size         Type   Attr      Idx    E Section Name        Object

    0x00000000   0x00000120   Code   RO            3    RESET               startup.o
    0x00000120   0x00000008   Code   RO          182  * !!!main             __main.o(c_t__un.l)
    0x00000128   0x00000038   Code   RO          216    !!!scatter          __scatter.o(c_t__un.l)
    0x00000160   0x00000028   Code   RO          218    !!handler_copy      __scatter_copy.o(c_t__un.l)
    0x00000188   0x0000002c   Code   RO          220    !!handler_zi        __scatter_zi.o(c_t__un.l)
    0x000001b4   0x00000004   Ven    RO          195    .emb_text           lib_init.o(c_t__un.l)
    0x000001b8   0x00000010   Code   RO          195    .emb_text           lib_init.o(c_t__un.l)
    0x000001c8   0x00000020   Code   RO            4    .text               startup.o
    0x000001e8   0x00000008   Ven    RO           10    .text               usbhw.o
    0x000001f0   0x00000408   Code   RO           10    .text               usbhw.o
    0x000005f8   0x000001a4   Code   RO           11    .text               usbhw.o
    0x0000079c   0x000003b8   Code   RO           55    .text               usbcore.o
    0x00000b54   0x00000008   Ven    RO          124    .text               usbuser.o
    0x00000b5c   0x0000006c   Code   RO          124    .text               usbuser.o
    0x00000bc8   0x000000c0   Code   RO          143    .text               hiduser.o
    0x00000c88   0x00000058   Code   RO          158    .text               demo.o
    0x00000ce0   0x00000004   Ven    RO          176    .text               uread4.o(c_t__un.l)
    0x00000ce4   0x00000020   Code   RO          176    .text               uread4.o(c_t__un.l)
    0x00000d04   0x00000004   Ven    RO          178    .text               uwrite4.o(c_t__un.l)
    0x00000d08   0x00000020   Code   RO          178    .text               uwrite4.o(c_t__un.l)
    0x00000d28   0x000000a8   Code   RO          180    .text               stkheap2.o(c_t__un.l)
    0x00000dd0   0x00000004   Ven    RO          184    .text               switch8.o(h_t__un.l)
    0x00000dd4   0x00000018   Code   RO          184    .text               switch8.o(h_t__un.l)
    0x00000dec   0x00000004   Ven    RO          186    .text               libspace.o(c_t__un.l)
    0x00000df0   0x0000000c   Code   RO          186    .text               libspace.o(c_t__un.l)
    0x00000dfc   0x00000068   Code   RO          189    .text               kernel.o(c_t__un.l)
    0x00000e64   0x00000018   Code   RO          191    .text               sys_exit.o(c_t__un.l)
    0x00000e7c   0x00000014   Code   RO          193    .text               exit.o(c_t__un.l)
    0x00000e90   0x00000008   Ven    RO          196    .text               lib_init.o(c_t__un.l)
    0x00000e98   0x000000ce   Code   RO          196    .text               lib_init.o(c_t__un.l)
    0x00000f66   0x00000002   PAD
    0x00000f68   0x00000004   Code   RO          199    .text               boardinit1.o(c_t__un.l)
    0x00000f6c   0x0000000c   Code   RO          201    .text               boardinit2.o(c_t__un.l)
    0x00000f78   0x00000010   Code   RO          203    .text               boardinit3.o(c_t__un.l)
    0x00000f88   0x00000004   Code   RO          205    .text               boardshut.o(c_t__un.l)
    0x00000f8c   0x00000004   Code   RO          207    .text               use_semi.o(c_t__un.l)
    0x00000f90   0x00000004   Code   RO          209    .text               cpuinit.o(c_t__un.l)
    0x00000f94   0x00000014   Code   RO          213    .text               rt_fp_status_addr.o(c_t__un.l)
    0x00000fa8   0x0000000c   Ven    RO          225    Veneer$$Code        anon$$obj.o
    0x00000fb4   0x0000000c   Ven    RO          226    Veneer$$Code        anon$$obj.o
    0x00000fc0   0x0000000c   Ven    RO          228    Veneer$$Code        anon$$obj.o
    0x00000fcc   0x0000000c   Ven    RO          229    Veneer$$Code        anon$$obj.o
    0x00000fd8   0x0000000c   Ven    RO          232    Veneer$$Code        anon$$obj.o
    0x00000fe4   0x00000008   Ven    RO          233    Veneer$$Code        anon$$obj.o
    0x00000fec   0x0000010c   Code   RO           57    i.USB_GetDescriptor  usbcore.o
    0x000010f8   0x000000dc   Code   RO           60    i.USB_GetStatus     usbcore.o
    0x000011d4   0x000000e8   Code   RO           56    i.USB_SetClrFeature  usbcore.o
    0x000012bc   0x000001a0   Code   RO           58    i.USB_SetConfiguration  usbcore.o
    0x0000145c   0x00000140   Code   RO           59    i.USB_SetInterface  usbcore.o
    0x0000159c   0x00000002   Code   RO          159    i.__ARM_get_argv    demo.o
    0x0000159e   0x00000002   PAD
    0x000015a0   0x00000004   Ven    RO          211    x$fpl$fpinit        fpinit.o(fz_t_p.l)
    0x000015a4   0x00000018   Code   RO          211    x$fpl$fpinit        fpinit.o(fz_t_p.l)
    0x000015bc   0x000000c7   Data   RO          115    .constdata          usbdesc.o
    0x00001683   0x00000001   PAD
    0x00001684   0x00000040   Data   RO          125    .constdata          usbuser.o
    0x000016c4   0x00000020   Data   RO          215    Region$$Table       anon$$obj.o


    Execution Region RW_IRAM1 (Base: 0x40000000, Size: 0x000005d0, Max: 0x00008000, ABSOLUTE)

    Base Addr    Size         Type   Attr      Idx    E Section Name        Object

    0x40000000   0x00000024   Data   RW           61    .data               usbcore.o
    0x40000024   0x00000002   Data   RW          144    .data               hiduser.o
    0x40000026   0x00000002   Data   RW          160    .data               demo.o
    0x40000028   0x00000040   Zero   RW           62    .bss                usbcore.o
    0x40000068   0x00000060   Zero   RW          187    .bss                libspace.o(c_t__un.l)
    0x400000c8   0x00000000   Zero   RW            2    HEAP                startup.o
    0x400000c8   0x00000508   Zero   RW            1    STACK               startup.o


================================================================================

Image component sizes


      Code (inc. data)   RO Data    RW Data    ZI Data      Debug   Object Name

        90         12          0          2          0        800   demo.o
       192         26          0          2          0       1396   hiduser.o
       320         64          0          0       1288        376   startup.o
      2408        226          0         36         64       6440   usbcore.o
         0          0        199          0          0        568   usbdesc.o
      1452        102          0          0          0      13472   usbhw.o
       108          8         64          0          0       2448   usbuser.o

    ------------------------------------------------------------------------
      4656        458        296         40       1352      25500   Object Totals
        84         20         32          0          0          0   (incl. Generated)
         2          0          1          0          0          0   (incl. Padding)

    ------------------------------------------------------------------------

      Code (inc. data)   RO Data    RW Data    ZI Data      Debug   Library Member Name

         8          0          0          0          0          0   __main.o
        56          8          0          0          0         60   __scatter.o
        40          0          0          0          0         60   __scatter_copy.o
        44          0          0          0          0         60   __scatter_zi.o
         4          0          0          0          0          0   boardinit1.o
        12          0          0          0          0          0   boardinit2.o
        16          0          0          0          0          0   boardinit3.o
         4          0          0          0          0          0   boardshut.o
         4          0          0          0          0          0   cpuinit.o
        20          0          0          0          0          0   exit.o
        28          0          0          0          0          0   fpinit.o
       104          4          0          0          0          0   kernel.o
       234          4          0          0          0          0   lib_init.o
        16          4          0          0         96          0   libspace.o
        20          0          0          0          0          0   rt_fp_status_addr.o
       168          0          0          0          0          0   stkheap2.o
        28          0          0          0          0          0   switch8.o
        24          8          0          0          0          0   sys_exit.o
        36          0          0          0          0          0   uread4.o
         4          0          0          0          0          0   use_semi.o
        36          0          0          0          0          0   uwrite4.o

    ------------------------------------------------------------------------
       908         28          0          0         96        180   Library Totals
         2          0          0          0          0          0   (incl. Padding)

    ------------------------------------------------------------------------

      Code (inc. data)   RO Data    RW Data    ZI Data      Debug   Library Name

       850         28          0          0         96        180   c_t__un.l
        28          0          0          0          0          0   fz_t_p.l
        28          0          0          0          0          0   h_t__un.l

    ------------------------------------------------------------------------
       908         28          0          0         96        180   Library Totals

    ------------------------------------------------------------------------

================================================================================


      Code (inc. data)   RO Data    RW Data    ZI Data      Debug   

      5564        486        296         40       1448      25680   Grand Totals
      5564        486        296         40       1448      25680   Image Totals

================================================================================

    Total RO  Size (Code + RO Data)                 5860 (   5.72kB)
    Total RW  Size (RW Data + ZI Data)              1488 (   1.45kB)
    Total ROM Size (Code + RO Data + RW Data)       5900 (   5.76kB)

================================================================================

