
Memory Configuration

Name             Origin             Length             Attributes
CODE             0x00000000         0x0003e000         xr
DATA             0x40000000         0x00004000         rw
*default*        0x00000000         0xffffffff

Linker script and memory map

Address of section .text set to 0x0
Address of section .data set to 0x40000000
LOAD noinit.o
LOAD lcd.o
LOAD startup.o

.text           0x00000000      0x590
 *startup.o(.text)
 .text          0x00000000      0x160 startup.o
                0x00000000                _startup
 *(.text)
 .text          0x00000160       0xb0 noinit.o
                0x0000017c                main
                0x00000160                delay
 .text          0x00000210      0x380 lcd.o
                0x00000400                LCDSendByte
                0x0000035c                LCDText
                0x00000488                LCDInit
                0x00000568                LCD32bitNumberDec
                0x00000210                LCDDelay
                0x0000039c                LCDTextXY
                0x00000220                convert32bit_dec
                0x000002ec                LCDGotoXY
                0x00000538                LCDClear
 *(.glue_7t)
 *(.glue_7)
                0x00000590                . = ALIGN (0x4)

.rodata         0x00000590       0x10
 *(.rodata)
 .rodata        0x00000590       0x10 lcd.o
                0x00000590                dat_lcd
                0x0000059c                cmd_bit
                0x00000591                cmd_lcd
                0x00000594                E
                0x00000598                RS

.rodata.str1.4  0x000005a0        0x5
 .rodata.str1.4
                0x000005a0        0x5 noinit.o
                                  0x8 (size before relaxing)
                0x000005a8                . = ALIGN (0x4)
                0x000005a8                _etext = .
                0x000005a8                PROVIDE (etext, .)

.data           0x40000000        0x0 load address 0x000005a8
                0x40000000                _data = .
 *(.data)
                0x40000000                . = ALIGN (0x4)
                0x40000000                _edata = .
                0x40000000                PROVIDE (edata, .)

.bss            0x40000000        0x0
                0x40000000                __bss_start = .
                0x40000000                __bss_start__ = .
 *(.bss)
 *(COMMON)
                0x40000000                . = ALIGN (0x4)
                0x40000000                __bss_end__ = .
                0x40000000                __bss_end__ = .

.noinit         0x40000000        0x4
 *(.noinit)
 .noinit        0x40000000        0x4 noinit.o
                0x40000000                global_var
                0x40000004                _end = .
                0x40000004                PROVIDE (end, .)

.stab
 *(.stab)

.stabstr
 *(.stabstr)

.stab.excl
 *(.stab.excl)

.stab.exclstr
 *(.stab.exclstr)

.stab.index
 *(.stab.index)

.stab.indexstr
 *(.stab.indexstr)

.comment        0x00000000       0x24
 *(.comment)
 .comment       0x00000000       0x12 noinit.o
 .comment       0x00000012       0x12 lcd.o

.debug
 *(.debug)

.line
 *(.line)

.debug_srcinfo
 *(.debug_srcinfo)

.debug_sfnames
 *(.debug_sfnames)

.debug_aranges  0x00000000       0x60
 *(.debug_aranges)
 .debug_aranges
                0x00000000       0x20 noinit.o
 .debug_aranges
                0x00000020       0x20 lcd.o
 .debug_aranges
                0x00000040       0x20 startup.o

.debug_pubnames
                0x00000000      0x100
 *(.debug_pubnames)
 .debug_pubnames
                0x00000000       0x34 noinit.o
 .debug_pubnames
                0x00000034       0xcc lcd.o

.debug_info     0x00000000      0x3d5
 *(.debug_info .gnu.linkonce.wi.*)
 .debug_info    0x00000000       0x93 noinit.o
 .debug_info    0x00000093      0x284 lcd.o
 .debug_info    0x00000317       0xbe startup.o

.debug_abbrev   0x00000000      0x19e
 *(.debug_abbrev)
 .debug_abbrev  0x00000000       0x8e noinit.o
 .debug_abbrev  0x0000008e       0xfc lcd.o
 .debug_abbrev  0x0000018a       0x14 startup.o

.debug_line     0x00000000      0x142
 *(.debug_line)
 .debug_line    0x00000000       0x41 noinit.o
 .debug_line    0x00000041       0x7d lcd.o
 .debug_line    0x000000be       0x84 startup.o

.debug_frame    0x00000000      0x170
 *(.debug_frame)
 .debug_frame   0x00000000       0x44 noinit.o
 .debug_frame   0x00000044      0x12c lcd.o

.debug_str      0x00000000      0x171
 *(.debug_str)
 .debug_str     0x00000000       0xc0 noinit.o
                                 0xcd (size before relaxing)
 .debug_str     0x000000c0       0xb1 lcd.o
                                0x15b (size before relaxing)

.debug_loc      0x00000000      0x178
 *(.debug_loc)
 .debug_loc     0x00000000      0x178 lcd.o

.debug_macinfo
 *(.debug_macinfo)

.debug_weaknames
 *(.debug_weaknames)

.debug_funcnames
 *(.debug_funcnames)

.debug_typenames
 *(.debug_typenames)

.debug_varnames
 *(.debug_varnames)
OUTPUT(NoInit.elf elf32-littlearm)
