
Memory Configuration

Name             Origin             Length             Attributes
CODE             0x00000000         0x0003e000         xr
DATA             0x40000000         0x00004000         rw
*default*        0x00000000         0xffffffff

Linker script and memory map

Address of section .text set to 0x0
Address of section .data set to 0x40000000
LOAD startup.o
LOAD led.o

.text           0x00000000      0x308
 *startup.o(.text)
 .text          0x00000000      0x160 startup.o
                0x00000000                _startup
 *(.text)
 .text          0x00000160      0x1a8 led.o
                0x0000017c                Beep
                0x000001e4                main
                0x00000160                delay
 *(.glue_7t)
 *(.glue_7)
                0x00000308                . = ALIGN (0x4)

.rodata
 *(.rodata)
                0x00000308                . = ALIGN (0x4)
                0x00000308                _etext = .
                0x00000308                PROVIDE (etext, .)

.data           0x40000000        0x0 load address 0x00000308
                0x40000000                _data = .
 *(.data)
                0x40000000                . = ALIGN (0x4)
                0x40000000                _edata = .
                0x40000000                PROVIDE (edata, .)

.bss            0x40000000        0x0
                0x40000000                __bss_start = .
                0x40000000                __bss_start__ = .
 *(.bss)
 *(COMMON)
                0x40000000                . = ALIGN (0x4)
                0x40000000                __bss_end__ = .
                0x40000000                __bss_end__ = .
                0x40000000                _end = .
                0x40000000                PROVIDE (end, .)

.stab
 *(.stab)

.stabstr
 *(.stabstr)

.stab.excl
 *(.stab.excl)

.stab.exclstr
 *(.stab.exclstr)

.stab.index
 *(.stab.index)

.stab.indexstr
 *(.stab.indexstr)

.comment        0x00000000       0x12
 *(.comment)
 .comment       0x00000000       0x12 led.o

.debug
 *(.debug)

.line
 *(.line)

.debug_srcinfo
 *(.debug_srcinfo)

.debug_sfnames
 *(.debug_sfnames)

.debug_aranges  0x00000000       0x40
 *(.debug_aranges)
 .debug_aranges
                0x00000000       0x20 startup.o
 .debug_aranges
                0x00000020       0x20 led.o

.debug_pubnames
                0x00000000       0x2e
 *(.debug_pubnames)
 .debug_pubnames
                0x00000000       0x2e led.o

.debug_info     0x00000000      0x153
 *(.debug_info .gnu.linkonce.wi.*)
 .debug_info    0x00000000       0x91 startup.o
 .debug_info    0x00000091       0xc2 led.o

.debug_abbrev   0x00000000       0xaa
 *(.debug_abbrev)
 .debug_abbrev  0x00000000       0x14 startup.o
 .debug_abbrev  0x00000014       0x96 led.o

.debug_line     0x00000000       0xfd
 *(.debug_line)
 .debug_line    0x00000000       0x84 startup.o
 .debug_line    0x00000084       0x79 led.o

.debug_frame    0x00000000       0x70
 *(.debug_frame)
 .debug_frame   0x00000000       0x70 led.o

.debug_str      0x00000000       0xa2
 *(.debug_str)
 .debug_str     0x00000000       0xa2 led.o

.debug_loc      0x00000000       0x5a
 *(.debug_loc)
 .debug_loc     0x00000000       0x5a led.o

.debug_macinfo
 *(.debug_macinfo)

.debug_weaknames
 *(.debug_weaknames)

.debug_funcnames
 *(.debug_funcnames)

.debug_typenames
 *(.debug_typenames)

.debug_varnames
 *(.debug_varnames)
OUTPUT(LED.elf elf32-littlearm)
